{
 "candidate_events_union": 552167,
 "recurrent_events": 1196,
 "merge_seconds": 8.89,
 "fnbp1_present": false,
 "top20": [
  {
   "donors": 8,
   "informative": 186960,
   "event": "cassette:chr11:65499423-65499482:65499512-65499688:65499423-65499688"
  },
  {
   "donors": 8,
   "informative": 165785,
   "event": "cassette:chr11:65499423-65499482:65499482-65499688:65499423-65499688"
  },
  {
   "donors": 8,
   "informative": 79612,
   "event": "cassette:chr11:65499423-65499512:65499512-65499688:65499423-65499688"
  },
  {
   "donors": 8,
   "informative": 29411,
   "event": "cassette:chr9:136980062-136980182:136980284-136980832:136980062-136980832"
  },
  {
   "donors": 8,
   "informative": 11445,
   "event": "cassette:chrX:154399941-154400463:154400626-154400701:154399941-154400701"
  },
  {
   "donors": 8,
   "informative": 11044,
   "event": "cassette:chr15:69453020-69453646:69453721-69455169:69453020-69455169"
  },
  {
   "donors": 8,
   "informative": 6902,
   "event": "cassette:chr12:78865109-78955461:78955566-78977798:78865109-78977798"
  },
  {
   "donors": 8,
   "informative": 6427,
   "event": "cassette:chr17:50737026-50737286:50737479-50740305:50737026-50740305"
  },
  {
   "donors": 8,
   "informative": 6355,
   "event": "cassette:chr17:50737026-50737286:50738199-50740305:50737026-50740305"
  },
  {
   "donors": 8,
   "informative": 5486,
   "event": "cassette:chr14:100845533-100845875:100857388-100860690:100845533-100860690"
  },
  {
   "donors": 8,
   "informative": 5070,
   "event": "cassette:chr14:100845533-100857338:100857388-100860690:100845533-100860690"
  },
  {
   "donors": 8,
   "informative": 4958,
   "event": "cassette:chr3:35679960-35680825:35681170-35681713:35679960-35681713"
  },
  {
   "donors": 8,
   "informative": 4937,
   "event": "cassette:chr3:35679960-35680825:35680917-35681713:35679960-35681713"
  },
  {
   "donors": 8,
   "informative": 4725,
   "event": "cassette:chr14:100845533-100857344:100857388-100860690:100845533-100860690"
  },
  {
   "donors": 8,
   "informative": 4675,
   "event": "cassette:chr16:89873859-89878460:89878627-89883350:89873859-89883350"
  },
  {
   "donors": 8,
   "informative": 4311,
   "event": "cassette:chr12:54581050-54581975:54582131-54582731:54581050-54582731"
  },
  {
   "donors": 8,
   "informative": 4089,
   "event": "cassette:chr16:2752846-2756333:2756606-2757471:2752846-2757471"
  },
  {
   "donors": 8,
   "informative": 3687,
   "event": "cassette:chr14:100845533-100845875:100857797-1
