                                 Started job on |	Aug 31 18:41:19
                             Started mapping on |	Aug 31 18:41:26
                                    Finished on |	Aug 31 18:42:57
       Mapping speed, Million of reads per hour |	2993.57

                          Number of input reads |	75670679
                      Average input read length |	90
                                    UNIQUE READS:
                   Uniquely mapped reads number |	59109100
                        Uniquely mapped reads % |	78.11%
                          Average mapped length |	86.72
                       Number of splices: Total |	10539690
            Number of splices: Annotated (sjdb) |	10339932
                       Number of splices: GT/AG |	10398277
                       Number of splices: GC/AG |	49063
                       Number of splices: AT/AC |	3340
               Number of splices: Non-canonical |	89010
                      Mismatch rate per base, % |	0.48%
                         Deletion rate per base |	0.01%
                        Deletion average length |	1.55
                        Insertion rate per base |	0.01%
                       Insertion average length |	1.41
                             MULTI-MAPPING READS:
        Number of reads mapped to multiple loci |	8939389
             % of reads mapped to multiple loci |	11.81%
        Number of reads mapped to too many loci |	173181
             % of reads mapped to too many loci |	0.23%
                                  UNMAPPED READS:
  Number of reads unmapped: too many mismatches |	0
       % of reads unmapped: too many mismatches |	0.00%
            Number of reads unmapped: too short |	7352508
                 % of reads unmapped: too short |	9.72%
                Number of reads unmapped: other |	96501
                     % of reads unmapped: other |	0.13%
                                  CHIMERIC READS:
                       Number of chimeric reads |	0
                            % of chimeric reads |	0.00%
