extracted: 37630563 rows, 1834103 edges, 324465 cells, 809069 shapes, 844565 patterns, 19266290 classes (80.9s)
section                 raw         zstd
meta                    101           94
chroms                 1996          260
cells               1297860      1297896
shapes              5250114      3115332
patterns           14736694      9161487
rows.chrom              310          319
rows.pos           39680588     13219685
rows.cell          59060014     46484036
rows.class         64896131     45974713
rows.flags         37630563      1528046
rows.shape         51785215      8563434
rows.weight        37630563     13106160
rows.pattern        9965057      3140097
edges               6343962      5515721
TOTAL                          151107280  (32.12 bits/row over 37630563 rows)
wrote runs/archive/d0.aie (151107641 bytes)
rows 37630563 -> assigned 21197710 -> 10393179 UMIs in 3600217 entries | load 0.8s, +anno 2.0s, +replay 19.6s, total 25.3s
rows 37630563 -> assigned 21197710 -> 10393179 UMIs in 3600217 entries | load 80.4s, +anno 2.2s, +replay 40.7s, total 126.4s
REGRESSION: BYTE-IDENTICAL
FULL_V2_DONE
