extracted: 22156853 molecules, 1834103 edges, 324465 cells, 809069 shapes, 773437 patterns, 19266290 classes (92.1s)
pattern #3 stats: 773437 patterns, 2513974 alt entries, 1159098 distinct (chrom,offset) hops (2.17x hop sharing), 78.2% alts share the anchor's shape
section                 raw         zstd
meta                    139          121
chroms                 1996          260
cells               1297860      1294981
shapes              5250114      3115332
patterns           11590973      7824799
c0                  3228384       556435
c1                   574766       181206
c2                   464982       180656
c3                   418801       141728
c4                   370488       143001
c5                  1348987       498531
c6                   916102       318540
c7                   550204       206822
c8                   467087       184250
c9                   410751       161994
c10                  525282       193045
c11                 1076906       387565
c12                  192175        78127
c13                  404961       134538
c14                  296317        90675
c15                  102083        43746
c16                  222841        86322
c17                  115104        48591
c18                   34361        15220
c19                  495612       138419
c20                   21778        10662
c21                  206826        82149
c22                  298839       119168
c23                  952776       318826
c24                  272348        98116
c25                  172340        65943
c26                   44016        19096
c27                  523306       194159
c28                  295620       115177
c29                  372282       106532
c30                  303732       145358
c31                     268          208
c32                   23866        12830
c33                  627825       261163
c34                 1347589       516383
c35                 4167248      1152936
c36                  449588       166338
c37                  520239       187080
c38                  300656       109653
c39                  197161        78828
c40                  376833       152789
c41                  214469        83298
c42                  273694       104441
c43                  137591        59344
c44                    4019         2202
c45                  149659        53842
c46                  319416       122353
c47                  261732       103750
c48                  397014       156149
c49                  118574        49062
c50                  152277        59735
c51                   41473        18286
c52                  149044        62138
c53                  372927       145606
c54                  287256       112444
c55                  323725       128769
c56                   69658        29655
c57                  148249        57823
c58                  293149       118526
c59                   13748         6351
c60                  662806       208784
c61                   26989        11746
c62                  303873       118777
c63                   38723        17583
c64                   78000        32486
c65                  172604        66886
c66                  571796       222975
c67                  315881       120489
c68                  640893       150477
c69                  339986       136018
c70                  419837       145937
c71                  449855       156126
c72                   72508        28841
c73                 1181356       394938
c74                   57813        20287
c75                  451426       160987
c76                  237673        89935
c77                  486349       185973
c78                  291503       117973
c79                    6719         3690
c80                   21912         7133
c81                 1049874       353855
c82                 1110861       218754
c83                   58514        27792
c84                  525686       217015
c85                  302971       117422
c86                  110642        39093
c87                  196035        89360
c88                  250220       103021
c89                  112622        45100
c90                   77771        33010
c91                  152114        59704
c92                  184838        73552
c93                  192112        79524
c94                  198440        45263
c95                  294067       110751
c96                  196418        73477
c97                  144020        58169
c98                   64150        29118
c99                  268639       106988
c100                 151061        59444
c101                  68978        26187
c102                 430639       142881
c103                 415722       144607
c104                 179474        70367
c105                 301122        82884
c106                  68193        30198
c107                 228249        90649
c108                  28573        13423
c109                 540940       202245
c110                 430714       171726
c111                 388170       138071
c112                  53212        23242
c113                 168120        32653
c114                 819590       279799
c115                  64018        28307
c116                 203387        81751
c117                1009690       309435
c118                 223326        90504
c119                 311200       112530
c120                 205494        82453
c121                  39403        17542
c122                 168253        62094
c123                 335388       130924
c124                1495282       460960
c125                 237383        94639
c126                 750759       244144
c127                  80876        34267
c128                 172562        67627
c129                 208873        83089
c130                 582142       211517
c131                 841315       256165
c132                 308144       123968
c133                1265919       432487
c134                 302084       120165
c135                 273640       112020
c136                  78639        31503
c137                  89285        37706
c138                 405277       155082
c139                  71993        30674
c140                  25493         9245
c141                  15439         7555
c142                  15100         7464
c143                  34190        14735
c144                 156393        38080
c145                  50878        22048
c146                 682234       228878
c147                 117297        47452
c148                 124147        51917
c149                 269631       109030
c150                 101094        42334
c151                 372189       144305
c152                 131171        54155
c153                 374600       141425
c154                 106933        45022
c155                 221899        91687
c156                 281612       114692
c157                  18991         8702
c158                 231818        91077
c159                 370568       135670
c160                 164818        67468
c161                 164511        45700
c162                  23513        10641
c163                 201796        81591
c164                  96501        39789
c165                 130457        54532
c166                 191962        79581
c167                 487614       160646
c168                 123967        51583
c169                 241423       100502
c170                 937076       317180
c171                 428241       172222
c172                 141159        58399
c173                  79462        33916
c174                 157771        61664
c175                  86084        35329
c176                  23044        10559
c177                 166128        67930
c178                   3315         2002
c179                   6575         3564
c180                1108490       351167
c181                 225473        89818
c182                  72682        26233
c183                 134030        54779
c184                 157651        64641
c185                  96335        42703
c186                  19428         6362
c187                  58016        24349
c188                 144759        53840
c189                 243698        98205
c190                 237295        90109
c191                 361766       137727
c192                 180898        73431
c193                 195492        67450
c194                  57597        19952
c195                 151805        60004
c196                 299639       115590
c197                 136274        53549
c198                1244646       406814
c199                 129401        49196
c200                 116068        49255
c201                  85757        36134
c202                  23329        11005
c203                  86775        37246
c204                  14151         4313
c205                 282907       112582
c206                 239269        95192
c207                  87955        37440
c208                1475888       434581
c209                 232151        91604
c210                  71505        30650
c211                  73438        30042
c212                  69857        26822
c213                  69862        31447
c214                  64986        27545
c215                  35994        16861
c216                  40935        18992
c217                 107976        46318
c218                  26092        12497
c219                 132930        53138
c220                  50949        21830
c221                  78860        32134
c222                1608870       417972
c223                  56872        22790
c224                  57184        28210
c225                   6829         3770
c226                  19997         9920
c227                 322544       126819
c228                 303545       122552
c229                 846904       270087
c230                  10353         5060
c231                 114071        45697
c232                 808397       193898
c233                 209085        73207
c234                 174981        71584
c235                 160418        67750
c236                 548892       248656
c237                 387072       140056
c238                 615419       212004
c239                1585170       500586
c240                 178203        67903
c241                 126149        51166
c242                 179021        72438
c243                 207052        86650
c244                  68999        29686
c245                  31106        14025
c246                 207362        81073
c247                 161151        67490
c248                 456724       128835
c249                  77265        33886
c250                  56634        24592
c251                 380645       142117
c252                 518159       202297
c253                 437172       171294
c254                 634575       236438
c255                  73457        33232
c256                1630750       561456
c257                  80862        34406
c258                 200853        81721
c259                 117984        47385
c260                 180941        56616
c261                 677341       163807
c262                 568747       190759
c263                 698225       273923
c264                 481015       183100
c265                 221466        88611
c266                 233437        92070
c267                 152473        62505
c268                 324401       126457
c269                 232427        95352
c270                 105400        44782
c271                 549971       211088
c272                2104461       701901
c273                4078821      1360039
c274                 483397       184741
c275                 493387       195025
c276                 162030        67944
c277                  11673         5877
c278                  83278        34383
c279                  73470        33804
c280                  69412        28643
c281                   6174         3535
c282                 109798        46719
c283                 463846       149396
c284                  71288        30332
c285                  85946        36419
c286                 287659       118307
c287                 283556       110203
c288                   8480         4299
c289                 127899        53545
c290                  28825        13425
c291                 175292        73072
c292                 428599       167952
c293                  49639        21222
c294                 216426        86661
c295                  46880        19913
c296                 159290        62207
c297                  99575        43303
c298                1709344       552484
c299                 308923       119076
c300                 139970        58209
c301                 270305       104580
c302                 224943        93589
c303                 126022        54225
c304                 508734       196800
c305                 267039        98170
c306                 115617        49260
c307                  87194        36064
c308                 272106       110377
c309                1400196       467864
c310                 146662        55532
c311                  22602        10465
c312                 171888        69087
c313                1668006       491181
c314                 327109       128239
c315                 254731       101760
c316                 193060        81252
c317                 380720       150247
c318                 191491        75929
c319                 440407       170644
c320                 118308        46882
c321                 101854        41784
c322                 108686        41858
c323                   6008         3494
c324                 387924       164113
c325                  52102        24590
c326                 626743       296654
c327                 329124       139285
c328                  69541        27821
c329                  66864        29123
c330                  81365        36360
c331                 173810        74284
c332                 460514       176885
c333                 663756       273325
c334                 530286       202160
c335                  98862        41671
c336                 110974        44529
c337                  78343        32418
c338                  69808        28397
c339                  87221        35821
c340                 742586       275026
c341                 257718        96500
c342                 371123       126805
c343                 415831       169757
c344                  60209        30051
c345                 396993       154831
c346                 183070        77802
c347                 161665        66513
c348                  59557        26783
c349                  68436        27662
c350                 194832        81376
c351                  51483        25550
c352                 157533        65633
c353                 219421        87286
c354                 188378        76567
c355                 286158       109240
c356                  40873        18254
c357                 637631       186649
c358                 224933        91351
c359                 154412        61347
c360                  44900        19873
c361                 242457        96113
c362                 300111       115905
c363                 205012        72611
c364                 263996       109743
c365                 110116        45930
c366                 404254       145190
c367                  34888        15707
c368                 162882        61139
c369                  88773        39433
c370                  99845        41702
c371                 113847        44977
c372                1416158       486723
c373                 532093       191931
c374                  66722        24635
c375                 158984        64906
c376                  67939        26284
c377                 163510        67763
c378                 135768        57600
c379                 274070       112364
c380                 309277       120424
c381                 118498        49095
c382                  16849         8405
c383                 419474       162240
c384                 635042       241573
c385                 290141       118585
c386                 423714       155478
c387                   6365         3679
c388                  76454        33964
c389                 942063       310758
c390                  78609        34543
c391                  81065        33534
c392                  28472        11998
c393                 515499       205462
c394                 299365       121318
c395                 123902        62071
c396                  44902        24638
c397                  60990        33273
c398                 155493        68170
c399                 252331        93104
c400                 235203        89554
c401                 149004        61001
c402                 149559        62340
c403                 175126        70605
c404                 341053       129818
c405                 316612       129956
c406                  64209        28549
c407                 119026        48388
c408                 145728        62866
c409                 236583        95007
c410                  21743         9640
c411                 338985       137441
c412                1272689       467393
c413                 620271       245722
c414                1657964       551732
c415                 357660       147275
c416                 270886        99050
c417                 289200       118933
c418                 209940        81446
c419                 308224       127897
c420                 463243       157313
c421                 279634       111328
c422                 250686       101559
c423                 225631        92580
c424                 228273        94647
c425                  61048        26813
c426                 117306        47058
c427                 215604        95349
c428                 169593        73964
c429                   5783         3495
c430                  59252        25949
c431                 279983       112877
c432                  36465        16743
c433                 676624       241071
c434                 618446       248094
c435                1147808       362811
c436                  84897        32937
c437                 264335       114257
c438                 139565        58477
c439                 181507        78731
c440                 345613       130337
c441                 486326       199305
c442                  67417        29296
c443                 174676        71807
c444                 185583        77767
c445                 238555        97726
c446                 110672        45786
c447                 153356        64623
c448                 102731        43214
c449                  90095        38082
c450                1316203       484962
c451                 243744        99425
c452                 610476       215689
c453                 195849        79769
c454                 954346       328783
c455                  43619        19483
c456                  45144        15067
c457                  58927        26859
c458                 333218       129146
c459                  30253        14009
c460                  78635        33519
c461                 505342       199498
c462                  82490        34194
c463                   2146         1395
c464                 227842        92378
c465                1567456       546918
c466                6706443      1794478
c467                 231689        99618
c468                1330986       462360
c469                 307524       124941
c470                 255722        74897
c471                 180188        73151
c472                  49024        20806
c473                 222566        82243
c474                 158398        62342
c475                  79309        33266
c476                 164741        70778
c477                 201553        85409
c478                 199102        68600
c479                1411998       503724
c480                 197847        78917
c481                 111327        46260
c482                 206979        82756
c483                  26222        12875
c484                 418942       152642
c485                 702223       258021
c486                 801028       309195
c487                 396869       142000
c488                  55988        25067
c489                 131441        50242
c490                 182111        77203
c491                 199329        84149
c492                  74443        33089
c493                  37656        17809
c494                 120928        52821
c495                 362586       146561
c496                 567490       221202
c497                 861421       340228
c498                1220782       461902
c499                 153345        62853
c500                 771325       188282
c501                1011686       295994
c502                  56542        24790
c503                 227184        97947
c504                  64083        27974
c505                   5902         3503
c506                 166003        64738
c507                 564631       210451
c508                 181162        71619
c509                 177679        77496
c510                 515601       148647
c511                 520958       208307
c512                 604521       200746
c513                 441386       153223
c514                 982547       379498
c515                 335019       134603
c516                 113763        47455
c517                 109427        47402
c518                 100729        43560
c519                 305846       116703
c520                 917360       322248
c521                 313777       123765
c522                 152983        61819
c523                  74266        33248
c524                 333954       136244
c525                1516942       516531
c526                 501732       194261
c527                  68279        30691
c528                   6385         3565
c529                  21686        10362
c530                  14595         7306
c531                  10631         5660
c532                 277092       109222
c533                 135298        55418
c534                  28216        12063
c535                   9177         5124
c536                   8270         4628
c537                  61992        27649
c538                 232725        94592
c539                  70660        31797
c540                  35421        14621
c541                 286339       105306
c542                 185854        76513
c543                   3703         2241
c544                 563788       222962
c545                 279147       115102
c546                 145397        63688
c547                 401230       167977
c548                 110860        48299
c549                   5579         3316
c550                  67122        29297
c551                 915419       262698
c552                 321534       129241
c553                 215785        89803
c554                 313284       127438
c555                 303439       128117
c556                 499598       191733
c557                 903518       303941
c558                 143796        61326
c559                  51862        22979
c560                  24707        11899
c561                 551578       221194
c562                 336122       134361
c563                 469480       121873
c564                 736212       289068
c565                 881930       280094
c566                    558          376
c567                  94873        45638
c568                  91181        40967
c569                 351911       116594
c570                 387099       133339
c571                  55618        25152
c572                 664716       256223
c573                1312594       329410
c574                 304130       125144
c575                 184947        76995
c576                 418496       163627
c577                 388234       154118
c578                 794191       307309
c579                1871927       641582
c580                 460402       181697
c581                 313476       127610
c582                 442255       162454
c583                 253733       103041
c584                 374280       152843
c585                 197571        78825
c586                 107333        45543
c587                 101653        44864
c588                1683198       614686
c589                 314681       121480
c590                 320399       133925
c591                 316765       139736
c592                1386638       453073
c593                 831899       373230
c594                 288628       116187
c595                1404426       560184
c596                  15515         6960
c597                    134          137
c598                 126696        53724
c599                 176126        72404
c600                 191903        77683
c601                 262284       109287
c602                  62266        21835
c603                 312736       131269
c604                 499162       209152
c605                 302146       125302
c606                 126272        53879
c607                 170764        70697
c608                 465901       168183
c609                2108797       738496
c610                 542244       226169
c611                1172148       435891
c612                1533448       480871
c613                 100772        47851
c614                1241179       454978
c615                 100886        42776
c616                  91803        35368
c617                1755315       605194
c618                 304772       123248
c619                1404261       514327
c620                1159223       421381
c621                 805512       330390
c622                 625139       250707
c623                  22589        11100
c624                 460133       182098
c625                 429587       176178
c626                 731803       290391
c627                 116225        50719
c628                 957597       344128
c629                 581401       224955
c630                 810933       279189
c631                 399466       146992
c632                 384574       121097
c633                 287617       117571
c634                 179994        76506
c635                 206336        89717
c636                 104296        44884
c637                  20945        10676
c638                 171572        70280
c639                  64194        28753
c640                  21474        10402
c641                 173654        74896
c642                 600812       224489
c643                  69685        29790
c644                 187705        81907
c645                 170762        71204
c646                   5582         3387
c647                  53553        22975
c648                  70024        29633
c649                 195986        79608
c650                  11215         4957
c651                1827696       679326
c652                1146338       443772
c653                1431072       527898
c654                1350933       489706
c655                2502778       913847
c656                 225800        91564
c657                  30559        14051
c658                  82671        34357
c659                 636492       252605
c660                1308056       516137
c661                1331494       478766
c662                 879979       337441
c663                3015536      1039958
c664                2077058       741761
c665                 646871       257631
c666                 405346       165318
c667                 440220       157144
c668                 128531        53636
c669                  41088        20146
c670                 139243        60218
c671                 754382       222388
c672                  65268        28220
c673                  78974        36182
c674                1004129       360211
c675                 323594       134752
c676                 142602        59492
c677                 431594       173934
c678                 514732       201910
c679                  94002        40115
c680                 525166       189261
c681                 881333       311132
c682                  38699        16278
c683                 100143        41803
c684                 223536        69836
c685                  96386        40573
c686                  48550        19360
c687                   6479         4075
c688                 218792        76462
c689                 216976        91787
c690                 436511       178131
c691                 268690       112610
c692                 220426        92955
c693                 339752       136419
c694                   7640         4255
c695                   3204         2116
c696                 302262       126330
c697                 561917       231160
c698                 247829       105303
c699                 408782       169142
c700                 398343       129799
c701                1686239       622997
c702                 859568       343702
c703                 283722       117731
c704                 329264       134544
c705                  40303        19426
c706                  19741        10082
c707                  85520        38473
c708                1340501       370885
c709                 201390        85082
c710                 323098       120246
c711                 133470        53924
c712                  41346        19854
c713                  26018        11452
c714                 103409        40463
c715                 209852        85482
c716                 318390       131665
c717                 224186        91983
c718                 152232        68456
c719                  90760        37110
c720                  18255         8686
c721                 117475        49736
c722                 279080       107778
c723                 845029       307460
c724                 384701       143692
c725                  78792        32482
c726                  27877        13452
c727                  12185         5759
c728                  13962         7319
c729                  87628        39161
c730                 519452       177175
c731                 108542        40698
c732                  74363        32976
c733                  11195         6570
c734                1381274       421754
c735                 175607        71077
c736                  63083        27115
c737                  76150        35008
c738                 219075        75914
c739                 114450        49026
c740                  28735        11786
c741                  17842         9118
c742                 117382        51798
c743                1937452       679459
c744                   7644         3423
c745                 778355       276830
c746                  44276        20131
c747                   6965         3897
c748                 119309        51206
c749                  41895        19802
c750                  36427        16523
c751                   8673         5195
c752                   5596         2624
c753               16305022      3957582
c754                   1998         1193
c755                   2111         1305
c756                  10589         5028
c757                   1456          961
c758                   2225         1356
c759                    237          215
c760                    292          244
c761                    371          293
c762                    177          153
c763                  12135         5672
c764                   5957         3078
c765                 269760        86311
c766                   1895         1251
c767                    574          440
c768                    166          144
c769                     84           93
c770                     45           54
c771                   4157         2249
c772                     37           46
c773                     25           34
c774                     85           94
c775                     52           61
c776                     26           35
c777                     70           75
c778                   8479         4626
c779                    437          356
c780                    236          210
c781                     54           63
c782                     94           90
c783                   4832         2548
c784                    896          637
c785                   5717         2850
c786                    368          293
c787                    282          221
c788                   2350         1502
c789                   7583         4277
c790                    324          262
c791                  19861         7078
c792                    331          252
c793                    112          106
c794                     59           68
c795                    490          371
c796                    577          445
c797                   1143          717
c798                   3424         2203
c799                    389          301
c800                    566          368
c801                    122          110
c802                 113416        37432
c803                   2626         1492
c804                     43           52
c805                     44           53
c806                     89           94
c807                     74           83
c808                     29           38
c809                    144          139
c810                   2848         1831
c811                    926          672
c812                   2961         1886
c813                   1067          708
c814                   1232          738
c815                    308          258
c816                    203          182
c817                    138          136
c818                    199          188
c819                     34           43
c820                     53           62
c821                     28           37
index.chunks          13878        10746
index.junctions       893449       756970
index.jpost          654359        95356
index.cellpost      3035967      1462170
edges               6343958      5518553
TOTAL                          121365904  (43.82 bits/molecule over 22156853 molecules)
wrote runs/archive/d0-z19.aie (121407401 bytes)
ingest_wall=142.65
