extracted: 22156853 molecules, 1834103 edges, 324465 cells, 809069 shapes, 773437 patterns, 19266290 classes (93.4s)
pattern #3 stats: 773437 patterns, 2513974 alt entries, 1159098 distinct (chrom,offset) hops (2.17x hop sharing), 78.2% alts share the anchor's shape
section                 raw         zstd
meta                    120          110
chroms                 1996          315
cells               1297860      1297896
shapes              5250114      3344331
patterns           11590973      8292845
c0                  3228384       602531
c1                   574766       195033
c2                   464982       189003
c3                   418801       151833
c4                   370488       150362
c5                  1348987       541044
c6                   916102       333294
c7                   550204       215893
c8                   467087       192431
c9                   410751       168076
c10                  525282       201711
c11                 1076906       413327
c12                  192175        81837
c13                  404961       138785
c14                  296317        94504
c15                  102083        46294
c16                  222841        91730
c17                  115104        52080
c18                   34361        15865
c19                  495612       156333
c20                   21778        11107
c21                  206826        86058
c22                  298839       125612
c23                  952776       343342
c24                  272348       102811
c25                  172340        70108
c26                   44016        19876
c27                  523306       202995
c28                  295620       120153
c29                  372282       114887
c30                  303732       162522
c31                     268          219
c32                   23866        13710
c33                  627825       284884
c34                 1347589       547561
c35                 4167248      1222506
c36                  449588       171595
c37                  520239       197167
c38                  300656       115813
c39                  197161        82484
c40                  376833       160969
c41                  214469        87604
c42                  273694       109013
c43                  137591        62959
c44                    4019         2251
c45                  149659        56852
c46                  319416       128340
c47                  261732       109852
c48                  397014       163164
c49                  118574        51937
c50                  152277        63350
c51                   41473        19038
c52                  149044        65878
c53                  372927       157412
c54                  287256       118079
c55                  323725       134315
c56                   69658        31411
c57                  148249        61204
c58                  293149       124472
c59                   13748         6574
c60                  662806       221496
c61                   26989        12207
c62                  303873       124049
c63                   38723        18278
c64                   78000        34106
c65                  172604        70796
c66                  571796       230926
c67                  315881       125448
c68                  640893       160370
c69                  339986       141944
c70                  419837       153447
c71                  449855       161395
c72                   72508        30479
c73                 1181356       424241
c74                   57813        21112
c75                  451426       166503
c76                  237673        94335
c77                  486349       194559
c78                  291503       124241
c79                    6719         3791
c80                   21912         7544
c81                 1049874       375164
c82                 1110861       227708
c83                   58514        29442
c84                  525686       228791
c85                  302971       126114
c86                  110642        41786
c87                  196035        95624
c88                  250220       111412
c89                  112622        48305
c90                   77771        34970
c91                  152114        63404
c92                  184838        78445
c93                  192112        83307
c94                  198440        48481
c95                  294067       115801
c96                  196418        77032
c97                  144020        61596
c98                   64150        30919
c99                  268639       112683
c100                 151061        62778
c101                  68978        27640
c102                 430639       149518
c103                 415722       154222
c104                 179474        74392
c105                 301122        88535
c106                  68193        31984
c107                 228249        95430
c108                  28573        13977
c109                 540940       210002
c110                 430714       179043
c111                 388170       152895
c112                  53212        24245
c113                 168120        34835
c114                 819590       302761
c115                  64018        29492
c116                 203387        86259
c117                1009690       331695
c118                 223326        95592
c119                 311200       119258
c120                 205494        86729
c121                  39403        18303
c122                 168253        66084
c123                 335388       136732
c124                1495282       481760
c125                 237383        99355
c126                 750759       263155
c127                  80876        36165
c128                 172562        71471
c129                 208873        87581
c130                 582142       228454
c131                 841315       272929
c132                 308144       129285
c133                1265919       449605
c134                 302084       126053
c135                 273640       118056
c136                  78639        33076
c137                  89285        40035
c138                 405277       160492
c139                  71993        32342
c140                  25493         9863
c141                  15439         7793
c142                  15100         7774
c143                  34190        15438
c144                 156393        42504
c145                  50878        23174
c146                 682234       247820
c147                 117297        50565
c148                 124147        55357
c149                 269631       114745
c150                 101094        45886
c151                 372189       151158
c152                 131171        57727
c153                 374600       146612
c154                 106933        47701
c155                 221899        96774
c156                 281612       120756
c157                  18991         9072
c158                 231818        96878
c159                 370568       141679
c160                 164818        71722
c161                 164511        49046
c162                  23513        11088
c163                 201796        86405
c164                  96501        41857
c165                 130457        57972
c166                 191962        83439
c167                 487614       169085
c168                 123967        54673
c169                 241423       106824
c170                 937076       331818
c171                 428241       179125
c172                 141159        62097
c173                  79462        35926
c174                 157771        65182
c175                  86084        37249
c176                  23044        11460
c177                 166128        72051
c178                   3315         2028
c179                   6575         3677
c180                1108490       379956
c181                 225473        94710
c182                  72682        28218
c183                 134030        58488
c184                 157651        68507
c185                  96335        45917
c186                  19428         6660
c187                  58016        25654
c188                 144759        57397
c189                 243698       104496
c190                 237295        95264
c191                 361766       145499
c192                 180898        77210
c193                 195492        71358
c194                  57597        21122
c195                 151805        64162
c196                 299639       120673
c197                 136274        56807
c198                1244646       444384
c199                 129401        52376
c200                 116068        53332
c201                  85757        38282
c202                  23329        11383
c203                  86775        39376
c204                  14151         4430
c205                 282907       126289
c206                 239269        99881
c207                  87955        39752
c208                1475888       475340
c209                 232151        96140
c210                  71505        32121
c211                  73438        31672
c212                  69857        28346
c213                  69862        33031
c214                  64986        28902
c215                  35994        17721
c216                  40935        19743
c217                 107976        49165
c218                  26092        13189
c219                 132930        57492
c220                  50949        22787
c221                  78860        33988
c222                1608870       473380
c223                  56872        23996
c224                  57184        30866
c225                   6829         3864
c226                  19997        10263
c227                 322544       134576
c228                 303545       128282
c229                 846904       294449
c230                  10353         5205
c231                 114071        48611
c232                 808397       210585
c233                 209085        77117
c234                 174981        76202
c235                 160418        71780
c236                 548892       271885
c237                 387072       152842
c238                 615419       230034
c239                1585170       541058
c240                 178203        74486
c241                 126149        54410
c242                 179021        76531
c243                 207052        91549
c244                  68999        31365
c245                  31106        15733
c246                 207362        85581
c247                 161151        72021
c248                 456724       140109
c249                  77265        35909
c250                  56634        25824
c251                 380645       149270
c252                 518159       212541
c253                 437172       176837
c254                 634575       244846
c255                  73457        35279
c256                1630750       597293
c257                  80862        36311
c258                 200853        86138
c259                 117984        52307
c260                 180941        67486
c261                 677341       174152
c262                 568747       198346
c263                 698225       287509
c264                 481015       200150
c265                 221466        93223
c266                 233437        96805
c267                 152473        66218
c268                 324401       133562
c269                 232427       100778
c270                 105400        47638
c271                 549971       218932
c272                2104461       740314
c273                4078821      1465471
c274                 483397       192170
c275                 493387       203697
c276                 162030        72444
c277                  11673         6059
c278                  83278        36305
c279                  73470        36160
c280                  69412        30276
c281                   6174         3656
c282                 109798        49740
c283                 463846       159983
c284                  71288        32340
c285                  85946        38574
c286                 287659       129798
c287                 283556       115520
c288                   8480         4382
c289                 127899        57641
c290                  28825        13973
c291                 175292        77506
c292                 428599       173514
c293                  49639        22501
c294                 216426        91995
c295                  46880        20970
c296                 159290        67478
c297                  99575        46169
c298                1709344       599172
c299                 308923       123799
c300                 139970        61771
c301                 270305       109716
c302                 224943        99725
c303                 126022        57701
c304                 508734       205637
c305                 267039       106849
c306                 115617        53254
c307                  87194        38793
c308                 272106       115732
c309                1400196       494770
c310                 146662        59963
c311                  22602        10929
c312                 171888        72705
c313                1668006       548901
c314                 327109       134854
c315                 254731       107301
c316                 193060        86406
c317                 380720       156703
c318                 191491        81585
c319                 440407       181410
c320                 118308        50088
c321                 101854        45143
c322                 108686        45244
c323                   6008         3590
c324                 387924       173874
c325                  52102        25831
c326                 626743       321559
c327                 329124       147508
c328                  69541        29402
c329                  66864        30736
c330                  81365        38617
c331                 173810        79346
c332                 460514       188407
c333                 663756       285588
c334                 530286       209798
c335                  98862        44185
c336                 110974        47202
c337                  78343        34268
c338                  69808        30219
c339                  87221        38067
c340                 742586       293253
c341                 257718       101433
c342                 371123       137050
c343                 415831       179919
c344                  60209        31704
c345                 396993       160839
c346                 183070        81933
c347                 161665        71031
c348                  59557        28574
c349                  68436        29575
c350                 194832        85146
c351                  51483        27265
c352                 157533        69532
c353                 219421        91985
c354                 188378        80552
c355                 286158       114509
c356                  40873        18865
c357                 637631       198644
c358                 224933        96339
c359                 154412        65234
c360                  44900        20788
c361                 242457       102030
c362                 300111       124943
c363                 205012        80096
c364                 263996       118560
c365                 110116        48888
c366                 404254       165761
c367                  34888        16375
c368                 162882        65237
c369                  88773        42810
c370                  99845        44646
c371                 113847        49231
c372                1416158       517444
c373                 532093       201703
c374                  66722        26835
c375                 158984        72853
c376                  67939        27494
c377                 163510        72352
c378                 135768        61129
c379                 274070       118266
c380                 309277       125703
c381                 118498        52256
c382                  16849         8667
c383                 419474       175264
c384                 635042       258244
c385                 290141       125682
c386                 423714       164651
c387                   6365         3806
c388                  76454        36431
c389                 942063       333719
c390                  78609        36668
c391                  81065        35416
c392                  28472        12568
c393                 515499       216583
c394                 299365       126616
c395                 123902        68794
c396                  44902        26055
c397                  60990        35942
c398                 155493        72989
c399                 252331        98647
c400                 235203        96130
c401                 149004        65088
c402                 149559        65992
c403                 175126        74610
c404                 341053       136358
c405                 316612       136549
c406                  64209        30239
c407                 119026        51364
c408                 145728        66991
c409                 236583        99718
c410                  21743        10001
c411                 338985       143710
c412                1272689       507306
c413                 620271       253254
c414                1657964       604079
c415                 357660       156680
c416                 270886       103757
c417                 289200       125782
c418                 209940        85370
c419                 308224       133742
c420                 463243       168401
c421                 279634       116967
c422                 250686       107408
c423                 225631        97448
c424                 228273       100714
c425                  61048        28487
c426                 117306        49970
c427                 215604       103167
c428                 169593        78698
c429                   5783         3625
c430                  59252        27369
c431                 279983       118583
c432                  36465        17516
c433                 676624       250474
c434                 618446       254764
c435                1147808       393988
c436                  84897        35197
c437                 264335       122211
c438                 139565        62169
c439                 181507        82859
c440                 345613       136237
c441                 486326       208385
c442                  67417        31743
c443                 174676        76002
c444                 185583        81624
c445                 238555       103784
c446                 110672        49272
c447                 153356        68517
c448                 102731        45966
c449                  90095        40500
c450                1316203       522638
c451                 243744       109153
c452                 610476       231873
c453                 195849        84057
c454                 954346       356888
c455                  43619        20437
c456                  45144        16478
c457                  58927        28149
c458                 333218       136525
c459                  30253        14542
c460                  78635        35564
c461                 505342       209669
c462                  82490        36206
c463                   2146         1420
c464                 227842        99249
c465                1567456       574994
c466                6706443      1883476
c467                 231689       106539
c468                1330986       491080
c469                 307524       130951
c470                 255722        82856
c471                 180188        77207
c472                  49024        21909
c473                 222566        87415
c474                 158398        66523
c475                  79309        35183
c476                 164741        77913
c477                 201553        90003
c478                 199102        73698
c479                1411998       544391
c480                 197847        84368
c481                 111327        49440
c482                 206979        87011
c483                  26222        13532
c484                 418942       162529
c485                 702223       270831
c486                 801028       318303
c487                 396869       150279
c488                  55988        26519
c489                 131441        53857
c490                 182111        81351
c491                 199329        88296
c492                  74443        35022
c493                  37656        18501
c494                 120928        56294
c495                 362586       153485
c496                 567490       228510
c497                 861421       369170
c498                1220782       504557
c499                 153345        67093
c500                 771325       202248
c501                1011686       308197
c502                  56542        26341
c503                 227184       105436
c504                  64083        29338
c505                   5902         3613
c506                 166003        68673
c507                 564631       224616
c508                 181162        76316
c509                 177679        82209
c510                 515601       158131
c511                 520958       218828
c512                 604521       219153
c513                 441386       160717
c514                 982547       396278
c515                 335019       151294
c516                 113763        50587
c517                 109427        50418
c518                 100729        46505
c519                 305846       124176
c520                 917360       360122
c521                 313777       130750
c522                 152983        65704
c523                  74266        35325
c524                 333954       142867
c525                1516942       549318
c526                 501732       203397
c527                  68279        32927
c528                   6385         3628
c529                  21686        10738
c530                  14595         7645
c531                  10631         5832
c532                 277092       115471
c533                 135298        58873
c534                  28216        12836
c535                   9177         5333
c536                   8270         4738
c537                  61992        29301
c538                 232725        99685
c539                  70660        33666
c540                  35421        15348
c541                 286339       118701
c542                 185854        80797
c543                   3703         2327
c544                 563788       233442
c545                 279147       127843
c546                 145397        67628
c547                 401230       181368
c548                 110860        51772
c549                   5579         3447
c550                  67122        31363
c551                 915419       278786
c552                 321534       134628
c553                 215785        95318
c554                 313284       133496
c555                 303439       135094
c556                 499598       201972
c557                 903518       319285
c558                 143796        65205
c559                  51862        24550
c560                  24707        12378
c561                 551578       233939
c562                 336122       141523
c563                 469480       128797
c564                 736212       302362
c565                 881930       309355
c566                    558          407
c567                  94873        48984
c568                  91181        44265
c569                 351911       128539
c570                 387099       142193
c571                  55618        26558
c572                 664716       266454
c573                1312594       342326
c574                 304130       130585
c575                 184947        80626
c576                 418496       172000
c577                 388234       160492
c578                 794191       322659
c579                1871927       701607
c580                 460402       189346
c581                 313476       133869
c582                 442255       182914
c583                 253733       108915
c584                 374280       160353
c585                 197571        82996
c586                 107333        48436
c587                 101653        48679
c588                1683198       648775
c589                 314681       131051
c590                 320399       140709
c591                 316765       147268
c592                1386638       489219
c593                 831899       408689
c594                 288628       122514
c595                1404426       598182
c596                  15515         7400
c597                    134          143
c598                 126696        57449
c599                 176126        77997
c600                 191903        86504
c601                 262284       115884
c602                  62266        24540
c603                 312736       138303
c604                 499162       219165
c605                 302146       131539
c606                 126272        57355
c607                 170764        75398
c608                 465901       175357
c609                2108797       795724
c610                 542244       235440
c611                1172148       454477
c612                1533448       512107
c613                 100772        51229
c614                1241179       488098
c615                 100886        45327
c616                  91803        37429
c617                1755315       648380
c618                 304772       128927
c619                1404261       558724
c620                1159223       449047
c621                 805512       346985
c622                 625139       262669
c623                  22589        11539
c624                 460133       189679
c625                 429587       183846
c626                 731803       303230
c627                 116225        53858
c628                 957597       363207
c629                 581401       231059
c630                 810933       286938
c631                 399466       153370
c632                 384574       136236
c633                 287617       124834
c634                 179994        81021
c635                 206336        94736
c636                 104296        47597
c637                  20945        11081
c638                 171572        76590
c639                  64194        30524
c640                  21474        10784
c641                 173654        80183
c642                 600812       251209
c643                  69685        31633
c644                 187705        87713
c645                 170762        75748
c646                   5582         3455
c647                  53553        24716
c648                  70024        31504
c649                 195986        84018
c650                  11215         5146
c651                1827696       722494
c652                1146338       472764
c653                1431072       567376
c654                1350933       510706
c655                2502778       983544
c656                 225800       100220
c657                  30559        14663
c658                  82671        37063
c659                 636492       267683
c660                1308056       548987
c661                1331494       506275
c662                 879979       354718
c663                3015536      1135896
c664                2077058       798041
c665                 646871       282933
c666                 405346       172964
c667                 440220       168374
c668                 128531        56848
c669                  41088        21188
c670                 139243        64553
c671                 754382       246821
c672                  65268        29979
c673                  78974        38794
c674                1004129       377276
c675                 323594       141561
c676                 142602        63414
c677                 431594       181949
c678                 514732       212971
c679                  94002        43408
c680                 525166       203120
c681                 881333       344650
c682                  38699        17367
c683                 100143        46792
c684                 223536        76236
c685                  96386        43058
c686                  48550        21027
c687                   6479         4159
c688                 218792        86604
c689                 216976        96981
c690                 436511       186650
c691                 268690       119227
c692                 220426        98652
c693                 339752       143454
c694                   7640         4463
c695                   3204         2177
c696                 302262       133127
c697                 561917       246408
c698                 247829       112578
c699                 408782       175748
c700                 398343       146510
c701                1686239       680406
c702                 859568       356564
c703                 283722       123704
c704                 329264       143570
c705                  40303        20560
c706                  19741        10530
c707                  85520        40929
c708                1340501       390718
c709                 201390        89266
c710                 323098       128873
c711                 133470        59399
c712                  41346        20575
c713                  26018        13352
c714                 103409        44415
c715                 209852        90393
c716                 318390       141784
c717                 224186        97750
c718                 152232        73121
c719                  90760        39367
c720                  18255         9034
c721                 117475        53502
c722                 279080       117091
c723                 845029       329963
c724                 384701       154703
c725                  78792        34587
c726                  27877        14128
c727                  12185         5891
c728                  13962         7674
c729                  87628        41458
c730                 519452       198385
c731                 108542        43406
c732                  74363        34901
c733                  11195         6806
c734                1381274       453785
c735                 175607        78667
c736                  63083        29028
c737                  76150        37241
c738                 219075        85490
c739                 114450        52059
c740                  28735        12585
c741                  17842         9532
c742                 117382        56407
c743                1937452       743517
c744                   7644         3966
c745                 778355       291760
c746                  44276        21075
c747                   6965         4092
c748                 119309        54461
c749                  41895        20740
c750                  36427        17317
c751                   8673         5514
c752                   5596         2897
c753               16305022      4184342
c754                   1998         1279
c755                   2111         1377
c756                  10589         5359
c757                   1456         1008
c758                   2225         1369
c759                    237          227
c760                    292          262
c761                    371          327
c762                    177          157
c763                  12135         6007
c764                   5957         3331
c765                 269760        94083
c766                   1895         1301
c767                    574          462
c768                    166          155
c769                     84           93
c770                     45           54
c771                   4157         2379
c772                     37           46
c773                     25           34
c774                     85           94
c775                     52           61
c776                     26           35
c777                     70           79
c778                   8479         4847
c779                    437          385
c780                    236          223
c781                     54           63
c782                     94           98
c783                   4832         2775
c784                    896          679
c785                   5717         3143
c786                    368          317
c787                    282          240
c788                   2350         1608
c789                   7583         4831
c790                    324          274
c791                  19861         7689
c792                    331          270
c793                    112          112
c794                     59           68
c795                    490          386
c796                    577          487
c797                   1143          755
c798                   3424         2333
c799                    389          314
c800                    566          392
c801                    122          109
c802                 113416        40665
c803                   2626         1551
c804                     43           52
c805                     44           53
c806                     89           98
c807                     74           83
c808                     29           38
c809                    144          141
c810                   2848         1896
c811                    926          710
c812                   2961         1977
c813                   1067          751
c814                   1232          829
c815                    308          273
c816                    203          188
c817                    138          147
c818                    199          196
c819                     34           43
c820                     53           62
c821                     28           37
index.chunks          13878        12379
index.junctions       893449       770104
index.jpost          654359       120952
index.cellpost      3035967      1508471
edges               6343958      5543815
TOTAL                          128714408  (46.47 bits/molecule over 22156853 molecules)
wrote runs/archive/d0-z12.aie (128755905 bytes)
ingest_wall=107.14
