extracted: 108747545 molecules, 6693867 edges, 1272230 cells, 2707616 shapes, 2841494 patterns, 91328227 classes (539.5s)
pattern #3 stats: 2841494 patterns, 8932077 alt entries, 4012603 distinct (chrom,offset) hops (2.23x hop sharing), 74.6% alts share the anchor's shape
section                 raw         zstd
meta                    143          120
chroms                 1996          260
cells               5088920      5084597
shapes             18169289     11009457
patterns           41933122     29903885
c0                 12767424      1765466
c1                  2539029       612088
c2                  1874493       508349
c3                  1078726       292163
c4                  1524081       414393
c5                  6829221      2052500
c6                  3956770       978901
c7                  2321372       620433
c8                  2007844       554762
c9                  1597910       452555
c10                 2069238       544508
c11                 5298899      1559852
c12                  661890       192714
c13                 1648198       363653
c14                 2095926       413247
c15                  362264       113627
c16                  838474       237045
c17                  440446       134623
c18                  129304        40793
c19                 2509051       567037
c20                  101687        36310
c21                  731957       206349
c22                 1499107       406937
c23                 4170723      1195428
c24                  964000       200297
c25                  801961       171067
c26                  137740        40496
c27                 1991558       515798
c28                 1201296       328527
c29                 1070879       260258
c30                 1596358       611996
c31                     883          529
c32                  130952        57106
c33                 2614897       872544
c34                 5642294      1694407
c35                11667288      2619496
c36                 1877209       495627
c37                 2011778       513896
c38                 1064151       279603
c39                  806711       230025
c40                 1603728       491680
c41                  809526       198829
c42                  989671       261975
c43                  575588       175115
c44                   14163         5983
c45                  557536       128366
c46                 1006865       290353
c47                 1331854       344355
c48                 1671510       448011
c49                  420837       130212
c50                  610989       158001
c51                  134316        42215
c52                  628930       179194
c53                 1926181       553985
c54                 1046680       296832
c55                 1134371       324612
c56                  326103        95477
c57                  707335       176527
c58                 1161089       335629
c59                   52920        17734
c60                 3356222       927259
c61                  111558        34653
c62                 1391059       374940
c63                  140734        47296
c64                  245799        74948
c65                  541262       148338
c66                 2196709       602629
c67                 1558177       384215
c68                 3140768       564787
c69                 1453056       412141
c70                 1422928       364884
c71                 2025319       443533
c72                  239033        64788
c73                 5808862      1658103
c74                  229107        50957
c75                 1833447       445770
c76                  838652       215639
c77                 1858427       498074
c78                 1142527       339336
c79                   25360        10244
c80                   15969         7026
c81                 5018554      1390480
c82                  700780       158343
c83                  283264        99315
c84                 2175857       674315
c85                 1184317       331715
c86                  494395       130816
c87                 1064070       382504
c88                 1231612       363813
c89                  463954       132460
c90                  333746       101245
c91                  587689       159028
c92                  779438       224506
c93                  704723       211610
c94                  870865       114055
c95                  944621       241089
c96                  493399       127520
c97                  513287       144801
c98                  237491        83169
c99                 1030595       284129
c100                 444255       126738
c101                 252487        62420
c102                1832237       428346
c103                1599005       403375
c104                 672604       187454
c105                 970805       183797
c106                 269900        90646
c107                 975400       265602
c108                 133006        44143
c109                2025997       529425
c110                1840226       522033
c111                1740406       506149
c112                 168547        54750
c113                 985347       100754
c114                3037364       749681
c115                 253886        79455
c116                 749826       215642
c117                4157318      1002654
c118                 768972       227079
c119                 857331       235583
c120                 764373       220366
c121                 170396        55374
c122                 474315       134565
c123                1306001       365477
c124                6998833      1878681
c125                 864224       238720
c126                3649452       997560
c127                 330357        98065
c128                 571615       156700
c129                 760461       216277
c130                2696391       831301
c131                3739567       963395
c132                1099559       320184
c133                5183758      1322552
c134                1115367       328484
c135                1230913       357247
c136                 324553        91171
c137                 353738       108343
c138                1713154       432918
c139                 301611        88642
c140                  31198        11900
c141                  52708        19165
c142                  58199        21490
c143                 138840        41201
c144                 471700       102820
c145                 187997        57157
c146                3293387       908866
c147                 395603       112202
c148                 465766       141843
c149                1010572       291029
c150                 392400       115633
c151                1266591       351713
c152                 478181       141147
c153                1655098       438261
c154                 371370       117379
c155                 938599       274765
c156                1302856       373713
c157                  70738        23583
c158                 898816       254350
c159                1372384       331440
c160                 720733       211517
c161                 864134       147333
c162                  89176        29869
c163                 878032       247948
c164                 322072        94768
c165                 476708       143874
c166                 699523       212863
c167                2101835       455630
c168                 409079       119835
c169                 948287       295749
c170                3727851      1001893
c171                1642599       480520
c172                 516167       151386
c173                 285369        87736
c174                 487860       141086
c175                 296707        87934
c176                 114371        35860
c177                 519021       153935
c178                  14546         6734
c179                  18406         8038
c180                5560236      1654572
c181                 713766       205980
c182                 306958        79139
c183                 538664       158371
c184                 548294       163060
c185                 396823       132537
c186                 130024        24327
c187                 216354        63716
c188                 332869       103049
c189                 830664       247645
c190                 954297       250320
c191                1420950       407111
c192                 568278       162929
c193                 738818       164090
c194                 103196        37041
c195                 575007       158728
c196                1189629       309719
c197                 474103       121394
c198                4342430      1131835
c199                 585016       136344
c200                 494636       162193
c201                 309224        99314
c202                  85655        29805
c203                 357763       110608
c204                  56316        10701
c205                1070663       327079
c206                 820444       227539
c207                 343072       106419
c208                7431458      2054360
c209                 793399       219558
c210                 223990        71891
c211                 209426        60986
c212                 151781        43495
c213                 270346        90928
c214                 210944        66380
c215                 121537        42956
c216                 169088        57871
c217                 414627       128205
c218                  94472        34948
c219                 483591       146912
c220                 195963        60543
c221                 284805        81422
c222                7015574      1615060
c223                 255542        74697
c224                 236262        92482
c225                  34918        14482
c226                  72013        28343
c227                1140284       339173
c228                1100928       332266
c229                3168308       730800
c230                  34933        12884
c231                 359313       102729
c232                3238380       540361
c233                 717750       174305
c234                 834501       237032
c235                 640214       197743
c236                2022844       727404
c237                1579281       447540
c238                2391569       654407
c239                6719622      1808809
c240                 685083       187866
c241                 352195       101254
c242                 650835       184514
c243                 684268       216569
c244                 231100        74595
c245                 121026        41330
c246                 975437       257683
c247                 563042       176751
c248                2146674       432894
c249                 247052        82670
c250                 204416        68074
c251                1423349       378841
c252                2403105       669276
c253                2051802       566525
c254                2050966       580703
c255                 321071       108967
c256                8126439      2490405
c257                 290206        90681
c258                 646378       191833
c259                 325006       100172
c260                1037885       268554
c261                2918436       529684
c262                2093030       520317
c263                2980570       868760
c264                2494057       828838
c265                 891084       248304
c266                 763652       219820
c267                 519386       154834
c268                1271864       351386
c269                 888567       262321
c270                 381180       116024
c271                2147611       582274
c272               11669570      3185506
c273               18346629      5419668
c274                1915548       501919
c275                2003732       584930
c276                 766753       239009
c277                  40361        16083
c278                 300455        91484
c279                 285119        98811
c280                 240360        70451
c281                  24362        10709
c282                 343687       110105
c283                2859345       685358
c284                 243403        76260
c285                 267437        83660
c286                 962499       302791
c287                1167818       323257
c288                  31827        12741
c289                 470981       148229
c290                 103049        35598
c291                 651327       199595
c292                1728827       484595
c293                 159896        50932
c294                 940671       263366
c295                 188871        57999
c296                 502961       143006
c297                 333268       109005
c298                8176917      2388063
c299                1232472       324528
c300                 446425       134617
c301                 875457       238375
c302                 859331       266763
c303                 454927       144890
c304                2290755       610649
c305                 779839       214526
c306                 525181       169461
c307                 351359       111510
c308                1077145       324091
c309                5909602      1766962
c310                 839561       207759
c311                 106686        35397
c312                 507348       150016
c313                7976410      2134559
c314                1415546       390869
c315                 730906       218546
c316                 803515       249217
c317                1300897       374471
c318                 827560       239867
c319                1920343       575537
c320                 418277       118577
c321                 401083       120978
c322                 477240       143454
c323                  25118        12019
c324                1702489       544712
c325                 162963        60311
c326                3508851      1344664
c327                1318435       434115
c328                 128600        43488
c329                 256351        83497
c330                 371505       112801
c331                 720463       228992
c332                1893712       562156
c333                3016669       962113
c334                2186152       581890
c335                 414439       120727
c336                 516478       137568
c337                 266249        79226
c338                 498963       105154
c339                 287855        85781
c340                3331433       925078
c341                1079357       272193
c342                1899638       471686
c343                2036630       632774
c344                 241158        94371
c345                1678064       470661
c346                 674919       211852
c347                 845505       244675
c348                 249475        86796
c349                 247153        75349
c350                 746857       230763
c351                 203215        83579
c352                 652033       198726
c353                 902166       258885
c354                 551451       167501
c355                1231033       326486
c356                 164998        51888
c357                1349418       329583
c358                 838964       248218
c359                 422849       128553
c360                 163147        52575
c361                 716162       216487
c362                1773669       553343
c363                 946690       249042
c364                 971402       299575
c365                 368245       112174
c366                2408921       746084
c367                 125360        41413
c368                 630908       167305
c369                 373409       121105
c370                 333021       105721
c371                 373802       118100
c372                5893051      1704435
c373                2604002       687008
c374                 291544        77566
c375                 741436       244281
c376                 228784        58102
c377                 658996       206219
c378                 552896       171114
c379                1013591       304229
c380                 710421       206433
c381                 457640       135777
c382                  66160        25504
c383                1877305       582178
c384                2696890       899537
c385                1044901       313924
c386                1033274       295754
c387                  28357        11521
c388                 319749       108536
c389                5137651      1526531
c390                 365355       113663
c391                 251281        76772
c392                 131948        46125
c393                2332036       677671
c394                1080354       321331
c395                 598035       247172
c396                     39           45
c397                 202653        92179
c398                 279228       127237
c399                 770653       235112
c400                 852233       227170
c401                1023516       275555
c402                 519674       160411
c403                 487582       150864
c404                 594628       174903
c405                1159910       362349
c406                1512879       458621
c407                 266277        85670
c408                 405693       119776
c409                 512416       167546
c410                 804422       234480
c411                  63945        21147
c412                1070886       330110
c413                6191699      1911321
c414                2676523       785130
c415                8214346      2444383
c416                1817526       568597
c417                 914227       241120
c418                1129757       352497
c419                 627246       173933
c420                1184630       366225
c421                1586953       430245
c422                 894649       258824
c423                1082284       322595
c424                 850606       253240
c425                 967804       298664
c426                 220585        75728
c427                 451921       127335
c428                 883244       316199
c429                 635753       210873
c430                  23499        11511
c431                 213713        68420
c432                1013833       301535
c433                 218171        67528
c434                2473655       642553
c435                2141129       634288
c436                4886052      1361530
c437                 338134        98525
c438                 979559       321308
c439                 525425       160038
c440                 609513       201427
c441                1160411       319098
c442                1818309       567403
c443                 274987        89175
c444                 695882       203189
c445                 627558       194766
c446                 887815       274101
c447                 530898       152398
c448                 599443       183568
c449                 332474       104105
c450                 341807       107065
c451                6116313      1790446
c452                 971018       315010
c453                3247333       851468
c454                 783133       231611
c455                4178741      1262060
c456                 135550        46518
c457                 187966        41928
c458                 224843        75715
c459                1120261       323093
c460                 108259        38315
c461                 287521        89585
c462                2002054       597794
c463                 249713        76779
c464                  11645         5862
c465                 838766       252314
c466                6223226      1876086
c467               29681742      6914647
c468                 906766       303352
c469                6207996      1806883
c470                 990161       305650
c471                1137359       233989
c472                 606702       185826
c473                 222398        63429
c474                 886269       238404
c475                 684493       186255
c476                 348985       101703
c477                 644485       216618
c478                 760973       243483
c479                 647086       163417
c480                6424131      1868278
c481                1010115       298776
c482                 400548       128025
c483                 754289       221545
c484                 123766        47160
c485                1481685       424113
c486                3112336       910217
c487                2966868       824978
c488                1755796       430489
c489                 185537        64098
c490                 527467       140011
c491                 580553       185306
c492                 787497       240563
c493                 261167        89877
c494                 136503        48633
c495                 415358       137717
c496                1377542       417115
c497                2387446       678501
c498                3787166      1202526
c499                6030429      1863636
c500                 557880       167168
c501                 837475       252795
c502                3880363       863673
c503                 217649        73392
c504                 979087       310779
c505                 174970        59129
c506                  22557        11265
c507                 495892       143423
c508                2681312       706305
c509                 674842       195211
c510                 647311       219043
c511                2477359       510895
c512                1979618       614913
c513                2610533       720937
c514                1150342       329690
c515                4494106      1369532
c516                1994867       680099
c517                 383554       118738
c518                 504142       159080
c519                 478691       151358
c520                1180362       334403
c521                4069259      1246910
c522                1192850       343233
c523                 491733       144041
c524                 258711        88408
c525                1496235       435345
c526                7056132      2175733
c527                1890546       524506
c528                 309846        96810
c529                  21557        10198
c530                  74611        27303
c531                  42601        17011
c532                  36766        15282
c533                1092915       316708
c534                 465417       136207
c535                 111770        35415
c536                  39252        17263
c537                  48442        18645
c538                 216586        72682
c539                 834533       248795
c540                 272191        91587
c541                 159174        46020
c542                1394589       391856
c543                 695462       213854
c544                  22593        10949
c545                2467298       722788
c546                1450513       482279
c547                 502190       168365
c548                2357032       722282
c549                 432158       142734
c550                  25231        12193
c551                 244554        80328
c552                3469775       674232
c553                1477755       428834
c554                 848216       265533
c555                1315872       392771
c556                1295929       401056
c557                2240949       607658
c558                3680162       901456
c559                 517002       166909
c560                 238441        76788
c561                  90724        32933
c562                2346300       717439
c563                1079521       324896
c564                2551175       479049
c565                3739771      1092611
c566                1565079       500349
c567                   2440         1338
c568                 421345       161149
c569                 412823       144806
c570                1429820       401041
c571                 971785       329598
c572                 230720        75206
c573                2503436       728328
c574                5577572      1111556
c575                1023822       320172
c576                 699634       210667
c577                1455995       434985
c578                1403661       418241
c579                3313859      1029648
c580                8602578      2752805
c581                2056531       596310
c582                1138196       343210
c583                1490571       448668
c584                 860538       266900
c585                1315091       410043
c586                 795596       224761
c587                 394502       123314
c588                 422357       142681
c589                8735242      2666442
c590                1022149       326538
c591                1435072       445507
c592                1074636       382655
c593                5768914      1645425
c594                3717615      1378930
c595                 982901       298278
c596                6379923      1973073
c597                  85549        29341
c598                    645          457
c599                 419622       132430
c600                 769221       229170
c601                 723312       227300
c602                1032992       309031
c603                 407557       114012
c604                1260855       416193
c605                1854624       600784
c606                1050954       338515
c607                 400715       128293
c608                 560447       174111
c609                1880154       518802
c610               11265026      3532332
c611                2224329       700869
c612                5332793      1518042
c613                6865164      1797859
c614                 529482       172845
c615                6683197      2028042
c616                 431073       135465
c617                 438366       110046
c618                7792983      2210740
c619                1448761       425525
c620                7463879      2331306
c621                5306951      1497228
c622                3425477      1099879
c623                2758130       811958
c624                  77126        28405
c625                1760324       512860
c626                1690351       527638
c627                3254680       957533
c628                 445013       144947
c629                4127023      1072449
c630                2568805       719009
c631                3295347       875045
c632                1504249       406861
c633                1894228       569211
c634                1088942       326076
c635                 649563       206866
c636                     19           28
c637                 782183       258426
c638                 374344       120211
c639                  75663        30184
c640                 849160       253588
c641                 228539        77271
c642                  66720        25115
c643                 623862       207956
c644                2779199       938084
c645                 210374        69315
c646                 691473       226103
c647                 690730       208510
c648                  21380        11162
c649                 286616        87026
c650                 234197        71475
c651                 685898       207006
c652                  58239        18549
c653                8405853      2539595
c654                4609217      1393123
c655                5766669      1690586
c656                7784112      2014038
c657               13068358      4061363
c658                1112879       343243
c659                 110215        38350
c660                 744812       205007
c661                2814052       869644
c662                6584646      2148935
c663                6477300      1922514
c664                4005278      1183174
c665               15829730      4898243
c666                9481167      2966906
c667                3340573      1147389
c668                1529822       473601
c669                1340566       410583
c670                 325484       101654
c671                 156732        58687
c672                 660223       192207
c673                2943894       749796
c674                 313898        99772
c675                 374707       125645
c676                3994081      1114618
c677                1169874       373773
c678                 656289       195748
c679                1662940       506563
c680                2118851       624712
c681                 439308       139336
c682                1863019       481815
c683                3343100       906181
c684                 160261        49695
c685                 644253       224676
c686                2315337       498581
c687                 299297        93612
c688                 234942        70397
c689                  38281        18047
c690                1339428       377717
c691                 826600       268310
c692                1676064       512324
c693                1089965       342268
c694                1009736       327693
c695                1328397       413933
c696                  30810        13371
c697                  24133        11038
c698                1107726       357968
c699                2677947       872532
c700                 898631       289271
c701                1685286       520602
c702                1496168       395849
c703                7848501      2569160
c704                3406883      1023820
c705                 987145       305817
c706                1191772       388883
c707                 257797        91171
c708                  67474        27515
c709                 275937        96762
c710                5566748      1367428
c711                 931874       286810
c712                1183929       335952
c713                 726719       207122
c714                 182050        61513
c715                 119399        41218
c716                 230042        73032
c717                1256517       346824
c718                1380276       455485
c719                 951193       299567
c720                 706682       242496
c721                 326576       101758
c722                  67333        24869
c723                 585999       173260
c724                1060103       321635
c725                3878237      1226701
c726                1220260       357800
c727                 273125        81285
c728                 123653        43681
c729                  46836        17343
c730                  42874        18662
c731                 236179        83597
c732                2147120       529710
c733                 421078       112811
c734                 501586       143587
c735                  52288        24027
c736                4857021      1104708
c737                 733169       223706
c738                 231992        82473
c739                 308042       108345
c740                1017390       276812
c741                 438777       138410
c742                 140990        41560
c743                  65445        27920
c744                 487648       159731
c745               10256470      3402703
c746                  41573        14111
c747                3823253      1107140
c748                 186144        63656
c749                  39785        15369
c750                 696998       190008
c751                 303969       102624
c752                 134210        46076
c753                  27366        13798
c754                  18685         6931
c755               60193591     13391208
c756                   8775         3756
c757                  13144         5670
c758                  56409        20164
c759                  14025         7326
c760                  17423         7822
c761                   1507          899
c762                    580          436
c763                   2309         1439
c764                   1383          800
c765                  53252        18738
c766                 106542        37237
c767                3721433       959323
c768                   7346         3841
c769                   4475         2499
c770                    926          559
c771                     51           60
c772                     25           34
c773                     22           31
c774                    395          282
c775                     41           50
c776                    462          357
c777                    109          108
c778                  16849         7007
c779                    124          112
c780                    253          114
c781                    612          258
c782                     60           69
c783                    478          330
c784                     31           40
c785                     35           44
c786                    300          210
c787                  18874         9222
c788                   1208          815
c789                    702          536
c790                    169          141
c791                    478          290
c792                  15826         6642
c793                   4642         2589
c794                  46308        16483
c795                   1069          698
c796                     21           30
c797                   1879         1090
c798                  11055         5235
c799                  44395        18479
c800                   1450          857
c801                 108306        30791
c802                   2625         1149
c803                    501          354
c804                     63           72
c805                   1538          855
c806                   5625         2969
c807                  11434         4398
c808                  13754         7629
c809                   2289         1201
c810                     24           33
c811                   3374         1587
c812                    184          152
c813                1531574       394094
c814                  14087         5823
c815                    144          135
c816                    240          198
c817                    399          291
c818                    189          165
c819                    128          120
c820                     29           38
c821                    694          420
c822                  11832         6203
c823                   9799         4739
c824                  12830         6841
c825                   4399         2397
c826                   6315         2486
c827                     79           84
c828                   2050         1330
c829                    784          540
c830                    385          300
c831                    616          487
c832                  27733         3473
c833                    284          237
c834                     55           64
c835                    173          167
c836                     93           90
c837                     27           36
index.chunks          14660        11611
cellofclass       158192918    137238438
index.junctions      3333910      2722859
index.jpost         2591806       359936
index.cellpost     14462218      6196452
edges              26216001     23824672
TOTAL                          553865501  (40.75 bits/molecule over 108747545 molecules)
wrote runs/archive/d1.aie (553907862 bytes)
aie_ingest_wall=795.60
