+ P=${GRAVLAX_PROJECT_ROOT}
+ AIE=${GRAVLAX_PROJECT_ROOT}/src/target/release/aie
+ ${GRAVLAX_PROJECT_ROOT}/src/target/release/aie ingest-archive ${GRAVLAX_PROJECT_ROOT}/runs/ingest/full/Aligned.sortedByCoord.out.bam --whitelist ${GRAVLAX_PROJECT_ROOT}/data/3M-february-2018.txt --out ${GRAVLAX_PROJECT_ROOT}/runs/archive/d0.aie --zstd-level 19
extracted: 22156853 molecules, 1834103 edges, 324465 cells, 809069 shapes, 773437 patterns, 19266290 classes (93.4s)
pattern #3 stats: 773437 patterns, 2513974 alt entries, 1159098 distinct (chrom,offset) hops (2.17x hop sharing), 78.2% alts share the anchor's shape
section                 raw         zstd
meta                    139          119
chroms                 1996          260
cells               1297860      1294981
shapes              5250114      3115332
patterns           11590973      7824799
c0                  2851077       362221
c1                   504297       131389
c2                   350975       105189
c3                   337445        88914
c4                   284540        84789
c5                  1124436       370937
c6                   706437       184081
c7                   420839       120496
c8                   354381       108410
c9                   312155        95344
c10                  403891       112601
c11                  902543       282545
c12                  145196        46476
c13                  321007        77938
c14                  229481        48160
c15                   77146        26838
c16                  171867        51669
c17                   88389        30462
c18                   26270         9587
c19                  434364        99136
c20                   17686         7580
c21                  158145        48932
c22                  226352        70286
c23                  809866       237616
c24                  208025        55318
c25                  130983        38124
c26                   33332        11629
c27                  397325       110331
c28                  223693        66513
c29                  304349        68059
c30                  267322       116147
c31                     219          167
c32                   21158        10517
c33                  524983       188100
c34                 1081680       337122
c35                 3443991       821626
c36                  344800        96288
c37                  401480       107832
c38                  232017        64705
c39                  149863        46682
c40                  291539        95300
c41                  161375        48376
c42                  208183        60505
c43                  104554        36631
c44                    3235         1628
c45                  115410        30571
c46                  243641        71868
c47                  199133        61392
c48                  307855        95437
c49                   90353        29785
c50                  117196        35212
c51                   31532        11355
c52                  114130        38022
c53                  296975        93368
c54                  219490        66678
c55                  245571        76143
c56                   53690        18571
c57                  114641        34784
c58                  221238        70537
c59                   10534         4000
c60                  557466       152847
c61                   20576         7403
c62                  230450        69005
c63                   29601        11286
c64                   59032        19407
c65                  129811        38121
c66                  437024       132493
c67                  236033        67676
c68                  511082       102213
c69                  256074        79291
c70                  325593        85421
c71                  350147        89236
c72                   56082        17130
c73                 1002742       300350
c74                   46610        11971
c75                  353975        94333
c76                  180340        51801
c77                  370860       108084
c78                  222576        71940
c79                    5539         2813
c80                   18523         4748
c81                  854936       239511
c82                  894647       162206
c83                   46694        19145
c84                  406261       135906
c85                  237129        73632
c86                   89307        24315
c87                  156285        61116
c88                  195224        65401
c89                   86189        27369
c90                   59101        20264
c91                  114520        34272
c92                  145173        46133
c93                  145791        48186
c94                  168835        25729
c95                  219557        61662
c96                  147571        41140
c97                  108856        34212
c98                   49704        19101
c99                  203772        63778
c100                 115512        35710
c101                  55449        16361
c102                 348155        89661
c103                 339673        90811
c104                 136430        41086
c105                 248185        49871
c106                  52506        19474
c107                 171811        52893
c108                  21873         8707
c109                 408370       112874
c110                 327313       102029
c111                 319318        94430
c112                  40769        14428
c113                 146421        19216
c114                 669061       190305
c115                  48579        17426
c116                 153057        48193
c117                 836778       198928
c118                 168439        54052
c119                 239730        65847
c120                 155590        48822
c121                  30031        11061
c122                 131895        37480
c123                 252712        75735
c124                1246335       335849
c125                 177717        54982
c126                 632725       174085
c127                  60974        20637
c128                 129276        38672
c129                 157673        49277
c130                 482531       149697
c131                 703073       174554
c132                 233264        73266
c133                1003710       271561
c134                 232006        72427
c135                 206624        67264
c136                  60612        19363
c137                  67779        23158
c138                 303121        87279
c139                  54871        18843
c140                  21332         6347
c141                  11916         5030
c142                  11822         5128
c143                  25928         8975
c144                 130780        28156
c145                  39257        13814
c146                 579024       165417
c147                  88136        28078
c148                  94586        31725
c149                 203647        65015
c150                  79554        27400
c151                 284695        85898
c152                  98725        32182
c153                 282814        79889
c154                  81342        27564
c155                 167210        55100
c156                 213365        69072
c157                  14692         5644
c158                 178578        55167
c159                 279717        74841
c160                 125464        40751
c161                 138178        28557
c162                  18065         6782
c163                 155406        50163
c164                  72987        23740
c165                  98496        32732
c166                 145683        48070
c167                 389100        93932
c168                  93452        31048
c169                 184422        62021
c170                 760467       218856
c171                 325533       103218
c172                 107149        35018
c173                  60956        21153
c174                 120841        36769
c175                  65272        20976
c176                  19293         7640
c177                 125536        40390
c178                   2704         1533
c179                   5181         2596
c180                 943919       257553
c181                 170542        53348
c182                  61814        17734
c183                 101414        32823
c184                 118446        38238
c185                  74662        27844
c186                  16482         4251
c187                  44229        14905
c188                 111190        32971
c189                 186496        60088
c190                 180339        52396
c191                 278367        81683
c192                 136103        43171
c193                 150831        39230
c194                  45693        13565
c195                 116325        35768
c196                 225167        65674
c197                 104914        31943
c198                1061663       313260
c199                 101088        30067
c200                  92253        33003
c201                  65689        22494
c202                  18024         7198
c203                  65913        23018
c204                  12170         2768
c205                 238360        80695
c206                 181247        56892
c207                  67249        23275
c208                1306410       349167
c209                 174005        52908
c210                  54095        18782
c211                  55226        17594
c212                  55328        17085
c213                  53151        19979
c214                  49437        16693
c215                  27753        10981
c216                  31469        12342
c217                  81891        28442
c218                  21068         8828
c219                 103492        33462
c220                  38409        13222
c221                  59762        18923
c222                1487540       361854
c223                  44931        14680
c224                  48787        21690
c225                   5604         2844
c226                  15559         6785
c227                 251484        79312
c228                 231037        73928
c229                 712125       196463
c230                   8063         3427
c231                  86097        26701
c232                 704490       133603
c233                 161472        42214
c234                 133009        43378
c235                 121420        41384
c236                 476696       191675
c237                 318880        95220
c238                 519451       147954
c239                1353608       374426
c240                 146013        46479
c241                  94713        30008
c242                 135571        43136
c243                 157477        53251
c244                  52086        18166
c245                  25993        10038
c246                 159768        48583
c247                 123566        41706
c248                 391720        84742
c249                  59345        21656
c250                  43234        15478
c251                 291042        83165
c252                 394551       118953
c253                 331158       100640
c254                 486584       140039
c255                  56106        21330
c256                1387645       428222
c257                  60992        21004
c258                 151298        48730
c259                  95625        31508
c260                 167036        45870
c261                 579709       108881
c262                 440427       111331
c263                 540158       167598
c264                 412592       142294
c265                 167091        52212
c266                 177681        55287
c267                 115677        37512
c268                 251326        77484
c269                 175682        57826
c270                  79575        27576
c271                 415850       121663
c272                1711318       469630
c273                3469503      1020466
c274                 364497       104958
c275                 374432       114841
c276                 124551        42605
c277                   9444         4194
c278                  63578        21006
c279                  57864        22861
c280                  54515        17996
c281                   5177         2757
c282                  83482        28947
c283                 383247        98519
c284                  54354        18797
c285                  64892        22286
c286                 229170        79250
c287                 214081        64005
c288                   6536         2913
c289                  97838        33018
c290                  22103         8707
c291                 132537        44354
c292                 323517        97626
c293                  39127        13999
c294                 164508        52387
c295                  36153        12607
c296                 124908        38966
c297                  75443        27065
c298                1504962       458482
c299                 233088        68255
c300                 105153        34696
c301                 203413        60236
c302                 173285        58894
c303                  95673        33726
c304                 383205       113518
c305                 209872        61391
c306                  90516        31991
c307                  67229        22308
c308                 205332        65916
c309                1133562       332151
c310                 119758        36483
c311                  17728         6939
c312                 129398        40750
c313                1516176       413225
c314                 250576        76405
c315                 194630        61637
c316                 148358        50706
c317                 289017        88843
c318                 148162        46377
c319                 349347       108215
c320                  89689        27665
c321                  80192        27037
c322                  87156        27301
c323                   4989         2710
c324                 302155       105895
c325                  40478        16577
c326                 525612       221559
c327                 257889        90165
c328                  53171        16892
c329                  50779        17919
c330                  62583        23293
c331                 132644        46573
c332                 366494       113374
c333                 523804       176477
c334                 401545       116004
c335                  74423        25157
c336                  83206        25806
c337                  59493        19505
c338                  55815        18446
c339                  66229        21560
c340                 589700       173972
c341                 198674        56633
c342                 300513        81658
c343                 327651       110378
c344                  48562        21613
c345                 301458        90582
c346                 138940        47447
c347                 122720        40104
c348                  46445        17721
c349                  54682        18700
c350                 148295        49962
c351                  41676        18770
c352                 119584        39768
c353                 166041        51787
c354                 142559        45973
c355                 216775        63339
c356                  32462        12252
c357                 525976       121875
c358                 169469        54769
c359                 117698        36822
c360                  34132        12451
c361                 184063        57087
c362                 245086        79530
c363                 173091        49968
c364                 204507        70159
c365                  83156        27651
c366                 348771       109087
c367                  26559         9918
c368                 125753        36545
c369                  69487        26185
c370                  76490        25848
c371                  92286        30810
c372                1200914       368122
c373                 410659       112740
c374                  56614        17344
c375                 131535        46089
c376                  53251        15945
c377                 126875        42914
c378                 102387        34888
c379                 207865        68359
c380                 233149        69784
c381                  89370        29382
c382                  13002         5687
c383                 336673       107833
c384                 537942       184182
c385                 221901        73350
c386                 336076       100294
c387                   5292         2855
c388                  59152        22202
c389                 820605       246816
c390                  59890        21878
c391                  61617        20278
c392                  23351         8810
c393                 395735       124321
c394                 225856        72029
c395                 106397        48551
c396                  38218        19275
c397                  53159        27014
c398                 119955        43880
c399                 192348        53753
c400                 184400        55994
c401                 114120        37483
c402                 113510        37651
c403                 132553        41864
c404                 265229        79236
c405                 244490        81066
c406                  49170        18309
c407                  90448        29094
c408                 112261        40030
c409                 178912        56605
c410                  16885         6196
c411                 255778        81631
c412                1074600       348730
c413                 471952       146980
c414                1460493       439531
c415                 277184        92113
c416                 205587        56143
c417                 221795        74042
c418                 157410        46982
c419                 233188        77727
c420                 366027        98275
c421                 211498        65538
c422                 189616        60787
c423                 169990        55774
c424                 175252        59002
c425                  48390        18008
c426                  88515        27299
c427                 175309        66883
c428                 133509        48908
c429                   4844         2777
c430                  45055        16120
c431                 213860        68638
c432                  28184        11079
c433                 517722       138146
c434                 468189       148830
c435                1011418       292186
c436                  66915        20339
c437                 206602        74282
c438                 105867        35466
c439                 137951        49557
c440                 266856        76659
c441                 371047       122056
c442                  53537        19803
c443                 131604        42700
c444                 140479        47531
c445                 182228        60029
c446                  86654        29285
c447                 116066        39411
c448                  77997        26396
c449                  68872        23425
c450                1082967       338941
c451                 192050        64955
c452                 503399       143543
c453                 147860        48020
c454                 817007       251507
c455                  33677        12771
c456                  39307        10878
c457                  44798        17020
c458                 254485        76941
c459                  23277         9183
c460                  59748        20575
c461                 391754       124020
c462                  62330        20450
c463                   1790         1124
c464                 176444        57570
c465                1263131       369706
c466                5398713      1197713
c467                 177593        63455
c468                1093466       322192
c469                 234431        76162
c470                 216465        49907
c471                 136276        43543
c472                  37934        12847
c473                 178027        50875
c474                 118743        35855
c475                  60174        20233
c476                 132867        48537
c477                 152495        52543
c478                 158881        43126
c479                1186537       362683
c480                 152233        49206
c481                  84836        28212
c482                 156763        49428
c483                  20447         8746
c484                 339879       103243
c485                 556485       163060
c486                 611745       183846
c487                 314394        87698
c488                  43336        16250
c489                 101854        30127
c490                 138023        47511
c491                 153004        52390
c492                  56675        21235
c493                  28779        11644
c494                  91780        33206
c495                 275146        88018
c496                 431932       130821
c497                 701159       233892
c498                1015069       332790
c499                 116915        38091
c500                 650365       124441
c501                 798632       184040
c502                  44238        16400
c503                 176215        63217
c504                  48662        17567
c505                   4922         2764
c506                 125236        37380
c507                 448882       132900
c508                 139076        43408
c509                 137334        49786
c510                 425830        93215
c511                 402104       129635
c512                 501382       142161
c513                 351167        93412
c514                 773015       242952
c515                 292432       105998
c516                  86961        29222
c517                  82713        29250
c518                  77287        27266
c519                 245802        76508
c520                 787395       248281
c521                 241538        75519
c522                 116371        36875
c523                  56783        21409
c524                 253319        82641
c525                1271268       390240
c526                 380288       113532
c527                  54722        20894
c528                   5230         2698
c529                  16823         6965
c530                  11599         5127
c531                   8557         4154
c532                 214301        67703
c533                 101848        32618
c534                  23938         8717
c535                   7486         3915
c536                   6686         3468
c537                  49237        18613
c538                 176189        57218
c539                  53990        20418
c540                  26863         8678
c541                 242098        73875
c542                 140440        45859
c543                   3228         1848
c544                 434215       135729
c545                 224390        77849
c546                 110234        39756
c547                 317894       111770
c548                  84757        30629
c549                   4614         2590
c550                  51657        18505
c551                 749072       172034
c552                 247132        78963
c553                 165395        55986
c554                 237746        76791
c555                 231330        79698
c556                 383789       116300
c557                 698641       180204
c558                 110207        38854
c559                  41698        15595
c560                  19097         7967
c561                 423229       136310
c562                 259344        82671
c563                 393868        74487
c564                 566920       175379
c565                 747364       218550
c566                    485          299
c567                  79354        33860
c568                  70973        27270
c569                 305536        87610
c570                 320340        91384
c571                  42581        16276
c572                 514495       158391
c573                1044670       204078
c574                 228994        74914
c575                 139945        46270
c576                 328914       104055
c577                 295592        92712
c578                 624714       198564
c579                1651991       529878
c580                 350714       107988
c581                 240907        78502
c582                 374367       118040
c583                 192666        62332
c584                 285896        93626
c585                 149826        46659
c586                  81231        27999
c587                  79059        29136
c588                1379204       432752
c589                 255890        82694
c590                 244342        83176
c591                 246315        91861
c592                1198614       358172
c593                 699847       278161
c594                 219782        70215
c595                1152237       382706
c596                  13605         5361
c597                    115          120
c598                  96018        32843
c599                 135819        44867
c600                 157290        53289
c601                 199732        67121
c602                  53923        17042
c603                 241434        83025
c604                 384700       132440
c605                 231979        78505
c606                  95128        33210
c607                 130035        43093
c608                 365605       103679
c609                1817213       578277
c610                 413169       140181
c611                 911918       265879
c612                1332551       370271
c613                  79993        33190
c614                1061504       333712
c615                  77408        26733
c616                  69239        19999
c617                1472482       430579
c618                 231107        73986
c619                1188051       390605
c620                 935957       281119
c621                 641953       217138
c622                 481705       155061
c623                  17768         7626
c624                 348785       107732
c625                 330626       109794
c626                 561450       178648
c627                  88156        31621
c628                 755247       215307
c629                 438896       129425
c630                 628226       165970
c631                 306055        86254
c632                 349991        96787
c633                 220885        73128
c634                 136942        47393
c635                 157628        56700
c636                  79243        27821
c637                  16304         7438
c638                 134489        44792
c639                  49332        18382
c640                  16579         7007
c641                 133815        47689
c642                 509845       173047
c643                  53371        18556
c644                 144444        52844
c645                 129212        43352
c646                   4557         2639
c647                  43325        15608
c648                  53134        18379
c649                 147741        47321
c650                   8411         2981
c651                1475015       456879
c652                 918911       299702
c653                1174275       370849
c654                1064084       302123
c655                2075805       656398
c656                 184525        62593
c657                  23179         8959
c658                  64266        21714
c659                 507043       167029
c660                1076235       368140
c661                1086994       335595
c662                 687162       210814
c663                2550151       777964
c664                1755466       561271
c665                 546236       194515
c666                 309526       101179
c667                 353855       104577
c668                  96920        32475
c669                  31988        13781
c670                 107089        38204
c671                 663646       174475
c672                  50570        18291
c673                  61491        23892
c674                 786986       224675
c675                 247413        83853
c676                 108423        36229
c677                 329953       105537
c678                 396471       123695
c679                  74982        26998
c680                 417201       120823
c681                 738103       227245
c682                  29869        10152
c683                  90272        33498
c684                 198797        47930
c685                  72706        24472
c686                  41028        13689
c687                   5378         3262
c688                 191952        58537
c689                 167265        57985
c690                 335792       111658
c691                 206498        70561
c692                 173049        60419
c693                 264172        84944
c694                   6646         3388
c695                   2770         1741
c696                 232633        79180
c697                 447652       153334
c698                 191186        67151
c699                 310592       103887
c700                 348993        99034
c701                1409819       458230
c702                 661421       211754
c703                 214531        71825
c704                 257157        86505
c705                  32997        13929
c706                  15567         7157
c707                  65698        24948
c708                1110739       263810
c709                 152543        52468
c710                 254664        75161
c711                 105659        34783
c712                  32469        13894
c713                  23292         9190
c714                  81043        26043
c715                 162015        53526
c716                 255097        88733
c717                 172462        57847
c718                 118367        44769
c719                  71624        23980
c720                  13987         5711
c721                  90852        32005
c722                 225772        72095
c723                 719430       237315
c724                 307106        96505
c725                  60205        19866
c726                  22227         9383
c727                  10585         4454
c728                  11846         5700
c729                  66714        25059
c730                 449069       133473
c731                  83693        24234
c732                  56581        20843
c733                   9187         5148
c734                1244354       335493
c735                 144704        49190
c736                  49247        19022
c737                  59087        23063
c738                 187595        55404
c739                  87509        30823
c740                  25310         8993
c741                  14342         6566
c742                  93328        34970
c743                1668230       543763
c744                   6829         2671
c745                 687268       203599
c746                  33899        12847
c747                   5952         3095
c748                  90319        31233
c749                  32528        13244
c750                  28149        10808
c751                   7635         4298
c752                   4953         2041
c753               13352500      2799657
c754                   1726          977
c755                   1845         1078
c756                   8721         3581
c757                   1236          790
c758                   1799         1026
c759                    203          185
c760                    246          202
c761                    331          256
c762                    144          126
c763                  10036         4049
c764                   4945         2258
c765                 246326        66118
c766                   1628         1039
c767                    484          349
c768                    138          118
c769                     74           83
c770                     39           48
c771                   3503         1762
c772                     31           40
c773                     22           31
c774                     75           84
c775                     44           53
c776                     22           31
c777                     61           70
c778                   6808         3385
c779                    376          298
c780                    204          180
c781                     46           55
c782                     74           74
c783                   4223         2038
c784                    792          539
c785                   4756         2109
c786                    322          250
c787                    254          198
c788                   2085         1264
c789                   6850         3628
c790                    280          222
c791                  18295         5599
c792                    290          213
c793                     92           88
c794                     53           62
c795                    426          302
c796                    520          396
c797                   1003          600
c798                   2983         1813
c799                    332          249
c800                    498          303
c801                    108           96
c802                 100354        25871
c803                   2293         1214
c804                     37           46
c805                     39           48
c806                     78           84
c807                     64           73
c808                     26           35
c809                    124          121
c810                   2489         1522
c811                    813          557
c812                   2573         1563
c813                    939          587
c814                   1095          613
c815                    272          224
c816                    177          156
c817                    119          119
c818                    175          167
c819                     30           39
c820                     46           55
c821                     24           33
index.chunks          13878        10746
cellofclass        31990804     26027572
index.junctions       893449       756970
index.jpost          654359        95356
index.cellpost      3035967      1462170
edges               6343958      5518553
TOTAL                          113690348  (41.05 bits/molecule over 22156853 molecules)
wrote ${GRAVLAX_PROJECT_ROOT}/runs/archive/d0.aie (113731909 bytes)
+ stat -c 'NEW SIZE %s' ${GRAVLAX_PROJECT_ROOT}/runs/archive/d0.aie
NEW SIZE 113731909
+ ${GRAVLAX_PROJECT_ROOT}/src/target/release/aie replay-rows ${GRAVLAX_PROJECT_ROOT}/runs/archive/d0.aie --gtf ${GRAVLAX_PROJECT_ROOT}/annotations/gencode.v49.annotation.gtf --barcodes ${GRAVLAX_PROJECT_ROOT}/runs/oracle/full/v49/Solo.out/Gene/raw/barcodes.tsv --out-dir ${GRAVLAX_PROJECT_ROOT}/runs/replay/full-aie-v12
molecules 22156853 -> assigned 21197710 -> 10393179 UMIs in 3600217 entries | load 1.6s, +anno 1.9s, +replay 40.5s, total 46.7s
+ ok=1
+ for f in matrix.mtx barcodes.tsv features.tsv
+ cmp -s ${GRAVLAX_PROJECT_ROOT}/runs/replay/full-aie-v12/matrix.mtx ${GRAVLAX_PROJECT_ROOT}/runs/replay/full-frombam/matrix.mtx
+ for f in matrix.mtx barcodes.tsv features.tsv
+ cmp -s ${GRAVLAX_PROJECT_ROOT}/runs/replay/full-aie-v12/barcodes.tsv ${GRAVLAX_PROJECT_ROOT}/runs/replay/full-frombam/barcodes.tsv
+ for f in matrix.mtx barcodes.tsv features.tsv
+ cmp -s ${GRAVLAX_PROJECT_ROOT}/runs/replay/full-aie-v12/features.tsv ${GRAVLAX_PROJECT_ROOT}/runs/replay/full-frombam/features.tsv
+ '[' 1 = 1 ']'
+ echo 'REGRESSION: BYTE-IDENTICAL'
REGRESSION: BYTE-IDENTICAL
+ ${GRAVLAX_PROJECT_ROOT}/src/target/release/aie query ${GRAVLAX_PROJECT_ROOT}/runs/archive/d0.aie region chr6:73489308-73525587
+ head -2
region chr6:73489308-73525587: 16971 molecules, 16288 UMIs across 2413 cells (2 chunks decoded; open 0.17s, total 0.23s)
  CGAGAAGTCAAGTTGC	77
+ ${GRAVLAX_PROJECT_ROOT}/src/target/release/aie query ${GRAVLAX_PROJECT_ROOT}/runs/archive/d0.aie junction chr16:89562391-89562883
+ head -2
junction chr16:89562391-89562883: 60156 UMIs across 4511 cells (115997 supporting children per index, 1 chunks decoded; open 0.17s, total 0.19s)
  CGAGAAGTCAAGTTGC	237
+ ${GRAVLAX_PROJECT_ROOT}/src/target/release/aie query ${GRAVLAX_PROJECT_ROOT}/runs/archive/d0.aie apa chr6:73489308-73525587 --strand + --tsv
+ head -3
chr6	73500796	73501096	+	133	117
chr6	73507732	73507904	+	99	60
chr6	73512411	73512667	+	58	52

thread 'main' (3780474) panicked at /rustc/88d9e12ae178fab0fb5cc050a94da85685d449ea/library/std/src/io/stdio.rs:1166:9:
failed printing to stdout: Broken pipe (os error 32)
note: run with `RUST_BACKTRACE=1` environment variable to display a backtrace
+ ${GRAVLAX_PROJECT_ROOT}/src/target/release/aie debug ${GRAVLAX_PROJECT_ROOT}/runs/archive/d0.aie
+ sed -n 1,30p
== sections (raw -> zstd) ==
  meta: 0.000 MB -> 0.000 MB
  chroms: 0.002 MB -> 0.000 MB
  cells: 1.298 MB -> 1.295 MB
  shapes: 5.250 MB -> 3.115 MB
  patterns: 11.591 MB -> 7.825 MB
  index.chunks: 0.014 MB -> 0.011 MB
  cellofclass: 31.991 MB -> 26.028 MB
  index.junctions: 0.893 MB -> 0.757 MB
  index.jpost: 0.654 MB -> 0.095 MB
  index.cellpost: 3.036 MB -> 1.462 MB
  edges: 6.344 MB -> 5.519 MB
  chunks x822: 230.184 MB -> 67.583 MB
== chunk streams (raw, concatenated) ==
  anchor: 23.493 MB
  class: 28.264 MB
  layout: 66.471 MB
  weight: 21.602 MB
  rep.pos: 19.464 MB
  rep.shape: 45.900 MB
  mm.pos: 4.870 MB
  mm.shape: 5.885 MB
  mm.pattern: 9.705 MB
  mm.weight: 4.512 MB
== value entropy (memoryless coder bound per stream) ==
  value-entropy anchor: 22156853 values, 38899 distinct, order-0 bound 10.33 MB (3.73 bits/value); varint stream 23.49 MB
  value-entropy class: 22156853 values, 1542471 distinct, order-0 bound 8.30 MB (3.00 bits/value); varint stream 28.26 MB
    class: 19266290 of 22156853 tokens fresh (87.0%)
  value-entropy layout: 22156853 values, 68 distinct, order-0 bound 6.27 MB (2.26 bits/value); varint stream 66.47 MB
  value-entropy weight: 21601508 values, 54 distinct, order-0 bound 7.37 MB (2.73 bits/value); varint stream 21.60 MB
+ echo ELISION_PIPELINE_DONE
ELISION_PIPELINE_DONE
