+ P=${GRAVLAX_PROJECT_ROOT}
+ AIE=${GRAVLAX_PROJECT_ROOT}/src/target/release/aie
+ ${GRAVLAX_PROJECT_ROOT}/src/target/release/aie ingest-archive ${GRAVLAX_PROJECT_ROOT}/runs/ingest/full/Aligned.sortedByCoord.out.bam --whitelist ${GRAVLAX_PROJECT_ROOT}/data/3M-february-2018.txt --out ${GRAVLAX_PROJECT_ROOT}/runs/archive/d0.aie --zstd-level 19
extracted: 22156853 molecules, 1834103 edges, 324465 cells, 809069 shapes, 773437 patterns, 19266290 classes (92.3s)
pattern #3 stats: 773437 patterns, 2513974 alt entries, 1159098 distinct (chrom,offset) hops (2.17x hop sharing), 78.2% alts share the anchor's shape
section                 raw         zstd
meta                    139          119
chroms                 1996          260
cells               1297860      1294981
shapes              5250114      3115332
patterns           11590973      7824799
c0                  2870724       372144
c1                   512670       135546
c2                   373643       115685
c3                   349961        94725
c4                   300227        92491
c5                  1172975       392522
c6                   751538       203594
c7                   447098       132586
c8                   376311       119028
c9                   331105       104713
c10                  428347       123767
c11                  944158       298806
c12                  154375        50998
c13                  335026        85105
c14                  244802        54815
c15                   81709        29282
c16                  181220        56367
c17                   93167        33019
c18                   27675        10421
c19                  440876       102712
c20                   18137         7938
c21                  167497        53936
c22                  240614        76855
c23                  836512       249267
c24                  219804        60831
c25                  138787        41803
c26                   35311        12827
c27                  423100       121489
c28                  237649        73089
c29                  313014        72331
c30                  269284       117625
c31                     220          177
c32                   21207        10577
c33                  540642       195797
c34                 1128865       358592
c35                 3607612       889373
c36                  366685       106762
c37                  427003       118799
c38                  244847        69666
c39                  159060        51598
c40                  308337       103401
c41                  171546        53083
c42                  221010        66752
c43                  110876        39973
c44                    3238         1651
c45                  121201        33528
c46                  258333        78944
c47                  210728        66976
c48                  323766       103412
c49                   95611        32215
c50                  123183        38133
c51                   33293        12294
c52                  120454        41127
c53                  310876       100188
c54                  232930        73147
c55                  260379        83384
c56                   56473        19987
c57                  120568        37671
c58                  235403        77122
c59                   11077         4383
c60                  575581       164968
c61                   21606         8071
c62                  244681        75745
c63                   31300        12153
c64                   62827        21352
c65                  138227        42203
c66                  463711       146236
c67                  251895        74641
c68                  520195       107434
c69                  272515        87306
c70                  343399        93434
c71                  369127        97818
c72                   58830        18519
c73                 1045904       317109
c74                   48160        12856
c75                  371506       103296
c76                  191427        56664
c77                  392464       118914
c78                  236364        78413
c79                    5548         2827
c80                   18552         4802
c81                  902166       257628
c82                  961652       187245
c83                   48551        20313
c84                  429619       146454
c85                  249549        79583
c86                   92515        26000
c87                  162818        64550
c88                  204695        69939
c89                   91467        29888
c90                   62627        22153
c91                  122269        37983
c92                  152319        49833
c93                  154610        52836
c94                  172559        27587
c95                  234920        68543
c96                  157760        45689
c97                  115961        37556
c98                   52298        20667
c99                  216473        69462
c100                 121730        38717
c101                  57470        17536
c102                 360669        95963
c103                 351971        97235
c104                 143467        45084
c105                 253836        53119
c106                  55456        21097
c107                 182950        58061
c108                  23026         9380
c109                 435603       125653
c110                 346623       111675
c111                 333059       100839
c112                  42964        15711
c113                 148049        20335
c114                 699201       203468
c115                  51537        19032
c116                 163204        53094
c117                 862373       211781
c118                 179439        59041
c119                 252164        71400
c120                 165215        53733
c121                  31772        11944
c122                 138101        40230
c123                 269334        83289
c124                1288412       359238
c125                 190122        60382
c126                 655241       184434
c127                  64692        22731
c128                 138048        42594
c129                 167418        53855
c130                 503185       160326
c131                 730055       186352
c132                 247478        80148
c133                1064380       296152
c134                 246330        79839
c135                 219638        73880
c136                  63385        20734
c137                  71994        25260
c138                 324120        96360
c139                  57970        20476
c140                  21398         6434
c141                  12477         5394
c142                  12302         5466
c143                  27459         9804
c144                 131324        28574
c145                  41160        14763
c146                 596503       174966
c147                  94158        31009
c148                 100175        34566
c149                 217168        71250
c150                  82936        29121
c151                 300773        94379
c152                 105073        35248
c153                 301935        88655
c154                  86216        30125
c155                 177917        60572
c156                 226824        75318
c157                  15312         6082
c158                 189306        60390
c159                 297234        82872
c160                 132989        44680
c161                 141261        30243
c162                  18979         7407
c163                 163954        54648
c164                  77332        25912
c165                 104541        35789
c166                 154301        52650
c167                 405733       101822
c168                  99404        33889
c169                 194974        67159
c170                 791627       236605
c171                 345005       112303
c172                 113829        38330
c173                  64432        22937
c174                 127832        40362
c175                  69025        22935
c176                  19551         7861
c177                 133305        44343
c178                   2704         1545
c179                   5247         2664
c180                 977803       272121
c181                 181255        58110
c182                  62927        18750
c183                 107865        35928
c184                 126081        42097
c185                  78678        30155
c186                  16500         4286
c187                  46578        16184
c188                 118262        36446
c189                 197919        65580
c190                 191987        57463
c191                 292708        89673
c192                 144918        47544
c193                 157584        43012
c194                  47002        14471
c195                 123168        39255
c196                 240205        72588
c197                 110339        34834
c198                1097917       331119
c199                 106052        32424
c200                  96366        35044
c201                  69680        24654
c202                  18855         7771
c203                  69788        25016
c204                  12199         2815
c205                 244825        84030
c206                 192875        62220
c207                  71054        25341
c208                1332276       361799
c209                 185579        58273
c210                  57352        20468
c211                  58759        19379
c212                  56730        17881
c213                  56257        21620
c214                  52373        18381
c215                  29044        11835
c216                  33010        13259
c217                  86816        31045
c218                  21653         9268
c219                 108706        35842
c220                  40747        14377
c221                  63446        20958
c222                1491661       362769
c223                  46606        15748
c224                  49360        22101
c225                   5617         2874
c226                  16111         7175
c227                 264718        85615
c228                 245244        80523
c229                 740637       208730
c230                   8369         3656
c231                  91504        29266
c232                 715879       139161
c233                 169382        46118
c234                 140996        47274
c235                 128919        45282
c236                 481986       194814
c237                 331898       101178
c238                 533316       155155
c239                1398463       392938
c240                 152211        49799
c241                 100849        33038
c242                 144391        47477
c243                 167168        58081
c244                  55353        19829
c245                  26683        10546
c246                 168936        52915
c247                 130592        45395
c248                 399463        88596
c249                  62588        23327
c250                  45430        16681
c251                 309359        91167
c252                 419102       130705
c253                 351789       110955
c254                 513451       152669
c255                  59191        23121
c256                1450424       453539
c257                  64718        22995
c258                 161161        53303
c259                  99223        33220
c260                 167068        46179
c261                 590726       114227
c262                 468494       123353
c263                 569322       181198
c264                 428639       149246
c265                 178186        57368
c266                 188646        60302
c267                 122753        41008
c268                 265058        83668
c269                 186878        62831
c270                  84504        29985
c271                 442612       133207
c272                1795752       505192
c273                3604417      1078559
c274                 387804       115815
c275                 397852       125473
c276                 132092        46203
c277                   9583         4346
c278                  66979        22827
c279                  60496        24184
c280                  56927        19438
c281                   5179         2772
c282                  88278        31346
c283                 392422       103420
c284                  57586        20424
c285                  68961        24198
c286                 239680        85050
c287                 228278        70215
c288                   6799         3111
c289                 103956        36046
c290                  23341         9443
c291                 140934        48420
c292                 344648       107556
c293                  40671        14966
c294                 173999        56861
c295                  38066        13718
c296                 130355        41750
c297                  80054        29417
c298                1561053       476386
c299                 248383        75187
c300                 112098        38186
c301                 217110        66339
c302                 182914        63645
c303                 101411        36476
c304                 408710       124710
c305                 217940        65306
c306                  95373        34614
c307                  71275        24611
c308                 218389        72255
c309                1190951       356449
c310                 123903        39146
c311                  18381         7413
c312                 137731        45052
c313                1524958       419013
c314                 265714        83745
c315                 206435        67634
c316                 156666        55300
c317                 306957        97153
c318                 156655        50710
c319                 364932       115947
c320                  95352        30311
c321                  83591        28935
c322                  91208        29449
c323                   5018         2746
c324                 317224       112984
c325                  42377        17503
c326                 537680       228319
c327                 270267        95860
c328                  56035        18380
c329                  53750        19465
c330                  66008        25270
c331                 140627        50277
c332                 384893       122030
c333                 548341       188489
c334                 425464       127843
c335                  79286        27570
c336                  88676        28550
c337                  62882        21530
c338                  58078        19726
c339                  70526        23575
c340                 617643       185785
c341                 209595        61496
c342                 312040        87071
c343                 344564       118158
c344                  50353        22584
c345                 320853        99515
c346                 147130        51904
c347                 130356        44005
c348                  48569        18914
c349                  56297        19625
c350                 157394        54410
c351                  42948        19233
c352                 126951        43495
c353                 176468        56613
c354                 151631        50537
c355                 231294        69680
c356                  33553        12977
c357                 539112       128536
c358                 180518        59524
c359                 125108        40341
c360                  36159        13553
c361                 195612        62704
c362                 255273        85453
c363                 177849        52357
c364                 215721        75541
c365                  88415        30460
c366                 356352       113389
c367                  28026        10725
c368                 131888        39554
c369                  72875        28159
c370                  80691        28106
c371                  95356        32689
c372                1248859       391939
c373                 436460       124917
c374                  57839        17822
c375                 135918        48797
c376                  55875        17394
c377                 134577        46840
c378                 108917        38058
c379                 220797        74586
c380                 248767        76770
c381                  95285        32387
c382                  13678         6101
c383                 355930       116377
c384                 561586       195289
c385                 234835        79100
c386                 348013       106167
c387                   5305         2889
c388                  62207        23862
c389                 851555       259444
c390                  63430        23585
c391                  65581        22279
c392                  23561         8958
c393                 419093       135581
c394                 240240        78580
c395                 107707        49492
c396                  38673        19630
c397                  53509        27299
c398                 126195        46789
c399                 204031        59307
c400                 193349        60312
c401                 120894        40746
c402                 120285        41265
c403                 140979        45912
c404                 278169        85433
c405                 258129        88030
c406                  51904        19622
c407                  95699        31772
c408                 118397        43307
c409                 190695        61988
c410                  17442         6593
c411                 272670        89573
c412                1116038       367712
c413                 500200       159633
c414                1493119       454260
c415                 293292       100496
c416                 219403        62274
c417                 235367        80589
c418                 167860        51752
c419                 247677        84967
c420                 388093       107908
c421                 224669        71908
c422                 201225        66401
c423                 180846        60539
c424                 185012        63565
c425                  50302        18858
c426                  94391        30202
c427                 180813        69979
c428                 139706        51635
c429                   4863         2804
c430                  47724        17634
c431                 226809        74477
c432                  29384        11857
c433                 551733       152855
c434                 497067       161422
c435                1034132       303798
c436                  70249        21920
c437                 216396        79225
c438                 112407        38830
c439                 146133        53648
c440                 281300        83173
c441                 392478       132753
c442                  56101        21012
c443                 139889        46907
c444                 149321        52138
c445                 193004        65258
c446                  90420        31404
c447                 123569        43042
c448                  82598        28942
c449                  73282        25712
c450                1135850       361267
c451                 202167        70087
c452                 522204       151889
c453                 157540        52927
c454                 848515       263216
c455                  35250        13605
c456                  39635        11136
c457                  47434        18475
c458                 270113        83968
c459                  24590         9946
c460                  63336        22559
c461                 412836       133882
c462                  66157        22507
c463                   1790         1130
c464                 186571        62580
c465                1335523       402231
c466                5750109      1324757
c467                 187582        68389
c468                1149384       343920
c469                 248378        82875
c470                 220549        52082
c471                 144531        47634
c472                  40026        14022
c473                 185000        54833
c474                 127059        39747
c475                  63800        22269
c476                 137808        51771
c477                 161903        57434
c478                 163872        46007
c479                1225112       381331
c480                 161873        53522
c481                  90081        30952
c482                 166672        54159
c483                  21461         9432
c484                 351581       109095
c485                 589367       176645
c486                 649851       200416
c487                 331171        95454
c488                  45611        17512
c489                 108296        33000
c490                 146686        51846
c491                 161395        56862
c492                  59972        23015
c493                  30340        12601
c494                  96980        35901
c495                 292780        96203
c496                 459490       143237
c497                 731716       248712
c498                1057511       352123
c499                 123111        41392
c500                 661550       129878
c501                 847569       204147
c502                  46265        17700
c503                 185792        68331
c504                  51462        19021
c505                   4943         2799
c506                 133629        41623
c507                 470672       143552
c508                 147570        47748
c509                 144787        53942
c510                 438858        99557
c511                 426763       141684
c512                 525849       152101
c513                 366486       100715
c514                 813348       260790
c515                 297616       108658
c516                  92271        31983
c517                  87895        31896
c518                  81504        29574
c519                 255747        81368
c520                 807499       259932
c521                 255014        82033
c522                 123450        40440
c523                  59772        22962
c524                 269101        89818
c525                1326719       419553
c526                 404161       124681
c527                  56666        22228
c528                   5266         2744
c529                  17592         7477
c530                  12027         5426
c531                   8803         4344
c532                 226157        73744
c533                 108646        36115
c534                  24067         8859
c535                   7617         4030
c536                   6814         3576
c537                  51147        19704
c538                 187363        62108
c539                  57108        21964
c540                  28317         9541
c541                 248679        77601
c542                 149469        50339
c543                   3230         1856
c544                 459814       148081
c545                 235111        83127
c546                 116960        43176
c547                 332557       118429
c548                  89791        33206
c549                   4646         2635
c550                  54504        20007
c551                 773281       183849
c552                 261285        85801
c553                 175047        60785
c554                 252509        83818
c555                 245164        86386
c556                 404788       125950
c557                 740644       199423
c558                 116057        41786
c559                  43351        16618
c560                  20030         8581
c561                 449536       147716
c562                 274101        89838
c563                 404049        79274
c564                 600241       191224
c565                 767705       229441
c566                    485          301
c567                  81234        35086
c568                  74594        29169
c569                 310106        90275
c570                 327322        94793
c571                  45093        17635
c572                 545331       172243
c573                1118614       229329
c574                 243574        82062
c575                 148703        50885
c576                 345222       111468
c577                 314680       101788
c578                 659304       214140
c579                1699983       550872
c580                 372518       118337
c581                 254724        85043
c582                 383500       123644
c583                 204865        68071
c584                 302776       102050
c585                 158845        51219
c586                  86200        30697
c587                  83195        31347
c588                1439320       462708
c589                 264125        86900
c590                 259218        90004
c591                 259045        97567
c592                1230322       374845
c593                 718100       287364
c594                 233436        76316
c595                1192235       402024
c596                  13624         5392
c597                    115          124
c598                 102036        36001
c599                 143011        48665
c600                 162391        55948
c601                 211634        73039
c602                  53960        17157
c603                 255030        90186
c604                 405028       141333
c605                 244711        84516
c606                 101298        36030
c607                 137923        47096
c608                 388927       113578
c609                1884247       609419
c610                 437927       151356
c611                 969248       289880
c612                1358653       384770
c613                  83192        34994
c614                1084977       344578
c615                  81623        28987
c616                  73725        22248
c617                1515689       452980
c618                 245817        80728
c619                1241067       408750
c620                 980258       300984
c621                 669411       229951
c622                 510777       168316
c623                  18445         8101
c624                 370742       117755
c625                 349911       118760
c626                 594557       193805
c627                  93474        34365
c628                 794266       233915
c629                 467739       142643
c630                 670749       182731
c631                 326347        95083
c632                 351633        97734
c633                 233490        78987
c634                 145494        51784
c635                 166665        61278
c636                  83976        30432
c637                  17019         7911
c638                 141384        47875
c639                  52018        19965
c640                  17342         7499
c641                 141454        51738
c642                 528014       181210
c643                  56670        20278
c644                 152576        57266
c645                 136972        47296
c646                   4609         2702
c647                  44944        16601
c648                  56280        19868
c649                 157832        52453
c650                   8993         3339
c651                1552084       491090
c652                 962718       321752
c653                1216374       392526
c654                1120119       326966
c655                2174189       694111
c656                 190354        65199
c657                  24635         9777
c658                  67653        23396
c659                 531554       179819
c660                1120323       393174
c661                1136876       362290
c662                 726435       228568
c663                2670830       822779
c664                1833239       590016
c665                 567203       204504
c666                 328823       109896
c667                 364797       109766
c668                 102896        35536
c669                  33562        14771
c670                 113174        41401
c671                 676010       180395
c672                  53454        19777
c673                  64413        25576
c674                 822193       240620
c675                 261773        91165
c676                 114768        39627
c677                 350324       115167
c678                 418620       134889
c679                  78031        28757
c680                 439084       130437
c681                 763170       239819
c682                  31659        11096
c683                  90540        33757
c684                 198819        48003
c685                  77377        27095
c686                  41796        14199
c687                   5411         3305
c688                 195084        60034
c689                 176749        62799
c690                 355137       121031
c691                 218345        76419
c692                 181962        64632
c693                 278649        92084
c694                   6650         3405
c695                   2774         1748
c696                 246218        85209
c697                 468536       163584
c698                 201674        71852
c699                 329660       112719
c700                 353791       101200
c701                1473329       483862
c702                 699417       228537
c703                 228131        77480
c704                 271388        93240
c705                  33994        14626
c706                  16218         7578
c707                  69386        26968
c708                1171619       284642
c709                 161956        57030
c710                 267845        81082
c711                 110151        37131
c712                  33566        14606
c713                  23306         9226
c714                  84412        27890
c715                 170866        57742
c716                 266357        94735
c717                 183241        62751
c718                 124540        48099
c719                  75089        25602
c720                  14799         6177
c721                  96197        34270
c722                 233510        75981
c723                 751853       249437
c724                 316917       101232
c725                  63719        21825
c726                  23122         9937
c727                  10590         4471
c728                  11864         5727
c729                  70678        27052
c730                 456866       138033
c731                  88919        26839
c732                  59848        22614
c733                   9314         5271
c734                1256864       341506
c735                 149326        51556
c736                  51181        19966
c737                  62046        24913
c738                 191284        57335
c739                  92174        33499
c740                  25414         9116
c741                  14773         6869
c742                  97255        36857
c743                1736298       569722
c744                   6829         2671
c745                 693265       206947
c746                  35744        14066
c747                   5969         3119
c748                  95985        34445
c749                  34023        14098
c750                  29721        11630
c751                   7638         4312
c752                   4953         2042
c753               14203758      3132942
c754                   1739          998
c755                   1846         1081
c756                   8891         3728
c757                   1249          802
c758                   1871         1089
c759                    203          193
c760                    246          203
c761                    331          258
c762                    144          126
c763                  10270         4215
c764                   5070         2366
c765                 246331        66179
c766                   1642         1047
c767                    494          364
c768                    138          121
c769                     74           83
c770                     39           48
c771                   3510         1777
c772                     31           40
c773                     22           31
c774                     75           84
c775                     44           53
c776                     22           31
c777                     61           70
c778                   7033         3559
c779                    380          305
c780                    204          185
c781                     46           55
c782                     74           74
c783                   4244         2069
c784                    792          548
c785                   4837         2166
c786                    323          250
c787                    254          199
c788                   2091         1270
c789                   6851         3635
c790                    280          224
c791                  18297         5602
c792                    290          214
c793                     92           90
c794                     53           62
c795                    426          302
c796                    520          392
c797                   1004          608
c798                   2987         1814
c799                    332          254
c800                    498          307
c801                    108           96
c802                 100510        25979
c803                   2308         1227
c804                     37           46
c805                     39           48
c806                     78           87
c807                     64           73
c808                     26           35
c809                    124          122
c810                   2505         1536
c811                    813          559
c812                   2583         1577
c813                    940          592
c814                   1095          621
c815                    273          224
c816                    178          158
c817                    119          122
c818                    175          166
c819                     30           39
c820                     46           55
c821                     24           33
index.chunks          13878        10746
cellofclass        31990804     26027572
index.junctions       893449       756970
index.jpost          654359        95356
index.cellpost      3035967      1462170
edges               6343958      5518553
TOTAL                          118647660  (42.84 bits/molecule over 22156853 molecules)
wrote ${GRAVLAX_PROJECT_ROOT}/runs/archive/d0.aie (118689221 bytes)
+ stat -c 'NEW SIZE %s' ${GRAVLAX_PROJECT_ROOT}/runs/archive/d0.aie
NEW SIZE 118689221
+ ${GRAVLAX_PROJECT_ROOT}/src/target/release/aie replay-rows ${GRAVLAX_PROJECT_ROOT}/runs/archive/d0.aie --gtf ${GRAVLAX_PROJECT_ROOT}/annotations/gencode.v49.annotation.gtf --barcodes ${GRAVLAX_PROJECT_ROOT}/runs/oracle/full/v49/Solo.out/Gene/raw/barcodes.tsv --out-dir ${GRAVLAX_PROJECT_ROOT}/runs/replay/full-aie-v12
molecules 22156853 -> assigned 21197710 -> 10393179 UMIs in 3600217 entries | load 1.6s, +anno 1.8s, +replay 50.0s, total 56.3s
+ ok=1
+ for f in matrix.mtx barcodes.tsv features.tsv
+ cmp -s ${GRAVLAX_PROJECT_ROOT}/runs/replay/full-aie-v12/matrix.mtx ${GRAVLAX_PROJECT_ROOT}/runs/replay/full-frombam/matrix.mtx
+ for f in matrix.mtx barcodes.tsv features.tsv
+ cmp -s ${GRAVLAX_PROJECT_ROOT}/runs/replay/full-aie-v12/barcodes.tsv ${GRAVLAX_PROJECT_ROOT}/runs/replay/full-frombam/barcodes.tsv
+ for f in matrix.mtx barcodes.tsv features.tsv
+ cmp -s ${GRAVLAX_PROJECT_ROOT}/runs/replay/full-aie-v12/features.tsv ${GRAVLAX_PROJECT_ROOT}/runs/replay/full-frombam/features.tsv
+ '[' 1 = 1 ']'
+ echo 'REGRESSION: BYTE-IDENTICAL'
REGRESSION: BYTE-IDENTICAL
+ ${GRAVLAX_PROJECT_ROOT}/src/target/release/aie query ${GRAVLAX_PROJECT_ROOT}/runs/archive/d0.aie region chr6:73489308-73525587
+ head -2
region chr6:73489308-73525587: 16971 molecules, 16288 UMIs across 2413 cells (2 chunks decoded; open 0.17s, total 0.23s)
  CGAGAAGTCAAGTTGC	77
+ ${GRAVLAX_PROJECT_ROOT}/src/target/release/aie query ${GRAVLAX_PROJECT_ROOT}/runs/archive/d0.aie junction chr16:89562391-89562883
+ head -2
junction chr16:89562391-89562883: 60156 UMIs across 4511 cells (115997 supporting children per index, 1 chunks decoded; open 0.17s, total 0.19s)
  CGAGAAGTCAAGTTGC	237
+ ${GRAVLAX_PROJECT_ROOT}/src/target/release/aie query ${GRAVLAX_PROJECT_ROOT}/runs/archive/d0.aie apa chr6:73489308-73525587 --strand + --tsv
+ head -3
chr6	73500796	73501096	+	133	117
chr6	73507732	73507904	+	99	60
chr6	73512411	73512667	+	58	52

thread 'main' (3776635) panicked at /rustc/88d9e12ae178fab0fb5cc050a94da85685d449ea/library/std/src/io/stdio.rs:1166:9:
failed printing to stdout: Broken pipe (os error 32)
note: run with `RUST_BACKTRACE=1` environment variable to display a backtrace
+ ${GRAVLAX_PROJECT_ROOT}/src/target/release/aie debug ${GRAVLAX_PROJECT_ROOT}/runs/archive/d0.aie
+ sed -n 1,30p
== sections (raw -> zstd) ==
  meta: 0.000 MB -> 0.000 MB
  chroms: 0.002 MB -> 0.000 MB
  cells: 1.298 MB -> 1.295 MB
  shapes: 5.250 MB -> 3.115 MB
  patterns: 11.591 MB -> 7.825 MB
  index.chunks: 0.014 MB -> 0.011 MB
  cellofclass: 31.991 MB -> 26.028 MB
  index.junctions: 0.893 MB -> 0.757 MB
  index.jpost: 0.654 MB -> 0.095 MB
  index.cellpost: 3.036 MB -> 1.462 MB
  edges: 6.344 MB -> 5.519 MB
  chunks x822: 241.037 MB -> 72.541 MB
== chunk streams (raw, concatenated) ==
  anchor: 23.493 MB
  class: 28.264 MB
  layout: 66.471 MB
  weight: 21.602 MB
  rep.pos: 30.317 MB
  rep.shape: 45.900 MB
  mm.pos: 4.870 MB
  mm.shape: 5.885 MB
  mm.pattern: 9.705 MB
  mm.weight: 4.512 MB
== value entropy (memoryless coder bound per stream) ==
  value-entropy anchor: 22156853 values, 38899 distinct, order-0 bound 10.33 MB (3.73 bits/value); varint stream 23.49 MB
  value-entropy class: 22156853 values, 1542471 distinct, order-0 bound 8.30 MB (3.00 bits/value); varint stream 28.26 MB
    class: 19266290 of 22156853 tokens fresh (87.0%)
  value-entropy layout: 22156853 values, 68 distinct, order-0 bound 6.34 MB (2.29 bits/value); varint stream 66.47 MB
  value-entropy weight: 21601508 values, 54 distinct, order-0 bound 7.37 MB (2.73 bits/value); varint stream 21.60 MB
+ echo ELISION_PIPELINE_DONE
ELISION_PIPELINE_DONE
