	${GRAVLAX_PROJECT_ROOT}/env/sc/bin/STAR-avx2 --runThreadN 24 --genomeDir ref/star-base --sjdbFileChrStartEnd runs/catalogue/d0only.sjdb --sjdbOverhang 90 --twopassMode Basic --readFilesIn data/fastq/pbmc_1k_v3_S1_R2_001.fastq.gz --readFilesCommand zcat --outSAMattributes NH HI AS nM jM jI --outSAMtype BAM Unsorted --outSAMunmapped Within --outFileNamePrefix runs/gatec/full/cat_d0only/
	STAR version: 2.7.11b   compiled: 2025-11-14T12:06:42+0000 :/opt/conda/conda-bld/star_1763121846936/work/source
Aug 28 15:08:03 ..... started STAR run
Aug 28 15:08:03 ..... loading genome
Aug 28 15:08:05 ..... inserting junctions into the genome indices
Aug 28 15:08:55 ..... started 1st pass mapping
Aug 28 15:10:11 ..... finished 1st pass mapping
Aug 28 15:10:11 ..... inserting junctions into the genome indices
Aug 28 15:10:52 ..... started mapping
Aug 28 15:12:14 ..... finished mapping
Aug 28 15:12:15 ..... finished successfully
[bam_sort_core] merging from 0 files and 12 in-memory blocks...
collecting gene-assigned reads from runs/oracle/full/v49/Aligned.sortedByCoord.out.bam
  34628655 gene-assigned reads
reads compared:      34628655
identical evidence:  34170511  (98.6770%)
  block_boundary         1310  (0.0038%)
  junction             289997  (0.8374%)
  locus                 34902  (0.1008%)
  multiplicity         127595  (0.3685%)
  presence               4340  (0.0125%)
PIPELINE_DONE
