Post-v1 D0 counts-only pilot
date: 2026-08-30
host: analysis-host
kernel: Linux 4.18.0-553.156.1.el8_10.x86_64 x86_64 GNU/Linux
STAR: 2.7.11b
aie: 0.1.0, code b5a791e681e7f1f93d46459745eedba59ac841d6
threads: 24

The initial no-BAM preflight retained --outSAMattributes CR/CB and STAR exited 102 before
reading data because these tags require BAM output. The reproduction script removes this
inapplicable output-only option; all alignment and Solo counting parameters remain frozen.

arm	replicate	wall_s	user_s	system_s	max_rss_kb	fs_input	fs_output	exit
STAR_Gene_GeneFull_SJ_Velocyto_no_BAM	1	191.75	1645.91	54.04	36851256	59100496	24752432	0
STAR_Gene_no_BAM	1	83.77	1434.13	26.09	34935648	0	2098864	0
STAR_Gene_no_BAM	2	83.68	1421.95	25.68	34934624	0	2098880	0
STAR_Gene_no_BAM	3	82.37	1387.26	24.56	34933852	0	2098840	0
STAR_Gene_no_BAM	4	83.95	1443.03	26.30	34934284	0	2098848	0
STAR_Gene_no_BAM	5	83.58	1397.25	27.50	34935220	0	2098640	0
AIE_replay	1	2.58	10.88	6.11	6967916	0	343224	0
AIE_replay	2	2.36	10.64	5.71	7034924	0	343224	0
AIE_replay	3	2.46	10.65	6.59	6860464	0	343224	0
AIE_replay	4	2.42	10.60	5.95	6946732	0	343224	0
AIE_replay	5	2.42	10.83	5.82	6929180	0	343232	0

STARsolo Gene-only median/range: 83.68 s / 82.37--83.95 s
AIE replay median/range: 2.42 s / 2.36--2.58 s
ratio of medians: 34.578512
ratio of median peak RSS: 5.028929

Every selected STARsolo file was compared byte-for-byte with the frozen v49 oracle tree.
Every Gravlax file was compared byte-for-byte with the frozen BAM-sourced Gravlax replay.
No successful counts-only arm emitted BAM or SAM. Runs were warm and sequential, not randomized.

