${GRAVLAX_PROJECT_ROOT}/gravlax-paper-scripts/scripts/129_multiresolution_select.py:406: FutureWarning: `__version__` is deprecated, use `importlib.metadata.version('scanpy')` instead
  "scanpy": sc.__version__,
[D0] loading oracle only
[D0] full d=15
[D0] full d=20
[D0] full d=25
[D0] full d=30
[D0] full d=40
[D0] subsample=0 d=15
[D0] subsample=0 d=20
[D0] subsample=0 d=25
[D0] subsample=0 d=30
[D0] subsample=0 d=40
[D0] subsample=1 d=15
[D0] subsample=1 d=20
[D0] subsample=1 d=25
[D0] subsample=1 d=30
[D0] subsample=1 d=40
[D0] subsample=2 d=15
[D0] subsample=2 d=20
[D0] subsample=2 d=25
[D0] subsample=2 d=30
[D0] subsample=2 d=40
[D0] subsample=3 d=15
[D0] subsample=3 d=20
[D0] subsample=3 d=25
[D0] subsample=3 d=30
[D0] subsample=3 d=40
[D0] subsample=4 d=15
[D0] subsample=4 d=20
[D0] subsample=4 d=25
[D0] subsample=4 d=30
[D0] subsample=4 d=40
[D0] subsample=5 d=15
[D0] subsample=5 d=20
[D0] subsample=5 d=25
[D0] subsample=5 d=30
[D0] subsample=5 d=40
[D1] loading oracle only
[D1] full d=15
[D1] full d=20
[D1] full d=25
[D1] full d=30
[D1] full d=40
[D1] subsample=0 d=15
[D1] subsample=0 d=20
[D1] subsample=0 d=25
[D1] subsample=0 d=30
[D1] subsample=0 d=40
[D1] subsample=1 d=15
[D1] subsample=1 d=20
[D1] subsample=1 d=25
[D1] subsample=1 d=30
[D1] subsample=1 d=40
[D1] subsample=2 d=15
[D1] subsample=2 d=20
[D1] subsample=2 d=25
[D1] subsample=2 d=30
[D1] subsample=2 d=40
[D1] subsample=3 d=15
[D1] subsample=3 d=20
[D1] subsample=3 d=25
[D1] subsample=3 d=30
[D1] subsample=3 d=40
[D1] subsample=4 d=15
[D1] subsample=4 d=20
[D1] subsample=4 d=25
[D1] subsample=4 d=30
[D1] subsample=4 d=40
[D1] subsample=5 d=15
[D1] subsample=5 d=20
[D1] subsample=5 d=25
[D1] subsample=5 d=30
[D1] subsample=5 d=40
[D2_prime] loading oracle only
[D2_prime] full d=15
[D2_prime] full d=20
[D2_prime] full d=25
[D2_prime] full d=30
[D2_prime] full d=40
[D2_prime] subsample=0 d=15
[D2_prime] subsample=0 d=20
[D2_prime] subsample=0 d=25
[D2_prime] subsample=0 d=30
[D2_prime] subsample=0 d=40
[D2_prime] subsample=1 d=15
[D2_prime] subsample=1 d=20
[D2_prime] subsample=1 d=25
[D2_prime] subsample=1 d=30
[D2_prime] subsample=1 d=40
[D2_prime] subsample=2 d=15
[D2_prime] subsample=2 d=20
[D2_prime] subsample=2 d=25
[D2_prime] subsample=2 d=30
[D2_prime] subsample=2 d=40
[D2_prime] subsample=3 d=15
[D2_prime] subsample=3 d=20
[D2_prime] subsample=3 d=25
[D2_prime] subsample=3 d=30
[D2_prime] subsample=3 d=40
[D2_prime] subsample=4 d=15
[D2_prime] subsample=4 d=20
[D2_prime] subsample=4 d=25
[D2_prime] subsample=4 d=30
[D2_prime] subsample=4 d=40
[D2_prime] subsample=5 d=15
[D2_prime] subsample=5 d=20
[D2_prime] subsample=5 d=25
[D2_prime] subsample=5 d=30
[D2_prime] subsample=5 d=40
[D5_mouse_5_prime] loading oracle only
[D5_mouse_5_prime] full d=15
[D5_mouse_5_prime] full d=20
[D5_mouse_5_prime] full d=25
[D5_mouse_5_prime] full d=30
[D5_mouse_5_prime] full d=40
[D5_mouse_5_prime] subsample=0 d=15
[D5_mouse_5_prime] subsample=0 d=20
[D5_mouse_5_prime] subsample=0 d=25
[D5_mouse_5_prime] subsample=0 d=30
[D5_mouse_5_prime] subsample=0 d=40
[D5_mouse_5_prime] subsample=1 d=15
[D5_mouse_5_prime] subsample=1 d=20
[D5_mouse_5_prime] subsample=1 d=25
[D5_mouse_5_prime] subsample=1 d=30
[D5_mouse_5_prime] subsample=1 d=40
[D5_mouse_5_prime] subsample=2 d=15
[D5_mouse_5_prime] subsample=2 d=20
[D5_mouse_5_prime] subsample=2 d=25
[D5_mouse_5_prime] subsample=2 d=30
[D5_mouse_5_prime] subsample=2 d=40
[D5_mouse_5_prime] subsample=3 d=15
[D5_mouse_5_prime] subsample=3 d=20
[D5_mouse_5_prime] subsample=3 d=25
[D5_mouse_5_prime] subsample=3 d=30
[D5_mouse_5_prime] subsample=3 d=40
[D5_mouse_5_prime] subsample=4 d=15
[D5_mouse_5_prime] subsample=4 d=20
[D5_mouse_5_prime] subsample=4 d=25
[D5_mouse_5_prime] subsample=4 d=30
[D5_mouse_5_prime] subsample=4 d=40
[D5_mouse_5_prime] subsample=5 d=15
[D5_mouse_5_prime] subsample=5 d=20
[D5_mouse_5_prime] subsample=5 d=25
[D5_mouse_5_prime] subsample=5 d=30
[D5_mouse_5_prime] subsample=5 d=40
