[Fri Sep 11 16:38:23 EDT 2026] align v32 two-pass
[Fri Sep 11 16:45:09 EDT 2026] align v49 two-pass
[Fri Sep 11 16:52:22 EDT 2026] align v32 one-pass
[Fri Sep 11 16:56:45 EDT 2026] replay unseeded
[Fri Sep 11 16:57:07 EDT 2026] replay v32-2pass
[Fri Sep 11 16:57:30 EDT 2026] replay v49-2pass
[Fri Sep 11 16:57:52 EDT 2026] replay v32-1pass
===== unseeded  (111087381 bytes)
--- Gene v49 vs STARsolo v49
UMI mass moved (shared genes):   0.244%
expressed genes changing >10%:   1394/27879 (5.000%)   [PASS >=5%, STOP <2%]
cells changing >1% total count:  0/1225
--- Gene v32 vs STARsolo v32
UMI mass moved (shared genes):   0.232%
expressed genes changing >10%:   1194/23514 (5.078%)   [PASS >=5%, STOP <2%]
--- velocity v49
spliced.mtx     oracle   7087604  replay   7017339  L1   128125  rel  1.808%  mass-delta  0.991%  [MARGINAL]
unspliced.mtx   oracle   4582294  replay   4569042  L1    23816  rel  0.520%  mass-delta  0.289%  [PASS]
ambiguous.mtx   oracle   1533636  replay   1535673  L1    46911  rel  3.059%  mass-delta  0.133%  [MARGINAL]
===== v32-2pass  (112286136 bytes)
                        Uniquely mapped reads % |	87.56%
                       Number of splices: Total |	9449502
            Number of splices: Annotated (sjdb) |	9374309
--- Gene v49 vs STARsolo v49
UMI mass moved (shared genes):   0.228%
expressed genes changing >10%:   1198/27823 (4.306%)   [PASS >=5%, STOP <2%]
cells changing >1% total count:  0/1225
--- Gene v32 vs STARsolo v32
UMI mass moved (shared genes):   0.214%
expressed genes changing >10%:   973/23455 (4.148%)   [PASS >=5%, STOP <2%]
--- velocity v49
spliced.mtx     oracle   7087604  replay   7020727  L1   124015  rel  1.750%  mass-delta  0.944%  [MARGINAL]
unspliced.mtx   oracle   4582294  replay   4568900  L1    23324  rel  0.509%  mass-delta  0.292%  [PASS]
ambiguous.mtx   oracle   1533636  replay   1534482  L1    45834  rel  2.989%  mass-delta  0.055%  [MARGINAL]
===== v49-2pass  (112452111 bytes)
                        Uniquely mapped reads % |	87.50%
                       Number of splices: Total |	9434250
            Number of splices: Annotated (sjdb) |	9361800
--- Gene v49 vs STARsolo v49
UMI mass moved (shared genes):   0.213%
expressed genes changing >10%:   1098/27820 (3.947%)   [PASS >=5%, STOP <2%]
cells changing >1% total count:  0/1225
--- Gene v32 vs STARsolo v32
UMI mass moved (shared genes):   0.223%
expressed genes changing >10%:   1006/23462 (4.288%)   [PASS >=5%, STOP <2%]
--- velocity v49
spliced.mtx     oracle   7087604  replay   7023584  L1   111732  rel  1.576%  mass-delta  0.903%  [MARGINAL]
unspliced.mtx   oracle   4582294  replay   4569131  L1    23009  rel  0.502%  mass-delta  0.287%  [PASS]
ambiguous.mtx   oracle   1533636  replay   1535283  L1    40669  rel  2.652%  mass-delta  0.107%  [MARGINAL]
===== v32-1pass  (110403101 bytes)
                        Uniquely mapped reads % |	87.76%
                       Number of splices: Total |	9139808
            Number of splices: Annotated (sjdb) |	8977382
--- Gene v49 vs STARsolo v49
UMI mass moved (shared genes):   0.160%
expressed genes changing >10%:   949/27802 (3.413%)   [PASS >=5%, STOP <2%]
cells changing >1% total count:  0/1225
--- Gene v32 vs STARsolo v32
UMI mass moved (shared genes):   0.140%
expressed genes changing >10%:   728/23436 (3.106%)   [PASS >=5%, STOP <2%]
--- velocity v49
spliced.mtx     oracle   7087604  replay   7008608  L1    93474  rel  1.319%  mass-delta  1.115%  [PASS]
unspliced.mtx   oracle   4582294  replay   4581371  L1     1937  rel  0.042%  mass-delta  0.020%  [PASS]
ambiguous.mtx   oracle   1533636  replay   1550845  L1    31369  rel  2.045%  mass-delta  1.122%  [MARGINAL]
JUNCTION SEEDED INGEST DONE
